RUN naive.py for tests_a

dag_4_0_a_0.in: 	[OK]	0.0627 seconds
dag_4_0_a_1.in: 	[OK]	0.0661 seconds
dag_4_1_a_0.in: 	[OK]	0.1001 seconds
dag_4_1_a_1.in: 	[OK]	0.0800 seconds
dag_4_2_a_0.in: 	[OK]	0.0609 seconds
dag_4_2_a_1.in: 	[OK]	0.0560 seconds
dag_4_3_a_0.in: 	[OK]	0.0618 seconds
dag_4_3_a_1.in: 	[OK]	0.0596 seconds
dag_4_4_a_0.in: 	[OK]	0.0578 seconds
dag_4_4_a_1.in: 	[OK]	0.0603 seconds
dag_4_5_a_0.in: 	[OK]	0.0587 seconds
dag_4_5_a_1.in: 	[OK]	0.0590 seconds
dag_5_0_a_0.in: 	[OK]	0.0550 seconds
dag_5_0_a_1.in: 	[OK]	0.0590 seconds
dag_5_1_a_0.in: 	[OK]	0.0607 seconds
dag_5_1_a_1.in: 	[OK]	0.0550 seconds
dag_5_2_a_0.in: 	[OK]	0.0596 seconds
dag_5_2_a_1.in: 	[OK]	0.0616 seconds
dag_5_3_a_0.in: 	[OK]	0.0644 seconds
dag_5_3_a_1.in: 	[OK]	0.0691 seconds
dag_5_4_a_0.in: 	[OK]	0.0551 seconds
dag_5_4_a_1.in: 	[OK]	0.0573 seconds
dag_5_5_a_0.in: 	[OK]	0.0563 seconds
dag_5_5_a_1.in: 	[OK]	0.0548 seconds
dag_5_6_a_0.in: 	[OK]	0.0579 seconds
dag_5_6_a_1.in: 	[OK]	0.0548 seconds
dag_5_7_a_0.in: 	[OK]	0.0557 seconds
dag_5_7_a_1.in: 	[OK]	0.0550 seconds
dag_5_8_a_0.in: 	[OK]	0.0651 seconds
dag_5_8_a_1.in: 	[OK]	0.0742 seconds
dag_5_9_a_0.in: 	[OK]	0.0808 seconds
dag_5_9_a_1.in: 	[OK]	0.0682 seconds
dag_6_0_a_0.in: 	[OK]	0.0852 seconds
dag_6_0_a_1.in: 	[OK]	0.0627 seconds
dag_6_10_a_0.in: 	[OK]	0.0844 seconds
dag_6_10_a_1.in: 	[OK]	0.0715 seconds
dag_6_11_a_0.in: 	[OK]	0.0864 seconds
dag_6_11_a_1.in: 	[OK]	0.0768 seconds
dag_6_12_a_0.in: 	[OK]	0.0739 seconds
dag_6_12_a_1.in: 	[OK]	0.0758 seconds
dag_6_13_a_0.in: 	[OK]	0.0805 seconds
dag_6_13_a_1.in: 	[OK]	0.0732 seconds
dag_6_14_a_0.in: 	[OK]	0.0856 seconds
dag_6_14_a_1.in: 	[OK]	0.0628 seconds
dag_6_1_a_0.in: 	[OK]	0.0953 seconds
dag_6_1_a_1.in: 	[OK]	0.0627 seconds
dag_6_2_a_0.in: 	[OK]	0.0899 seconds
dag_6_2_a_1.in: 	[OK]	0.2828 seconds
dag_6_3_a_0.in: 	[OK]	0.0829 seconds
dag_6_3_a_1.in: 	[OK]	0.1002 seconds
dag_6_4_a_0.in: 	[OK]	0.0739 seconds
dag_6_4_a_1.in: 	[OK]	0.0809 seconds
dag_6_5_a_0.in: 	[OK]	0.0709 seconds
dag_6_5_a_1.in: 	[OK]	0.0790 seconds
dag_6_6_a_0.in: 	[OK]	0.0826 seconds
dag_6_6_a_1.in: 	[OK]	0.0636 seconds
dag_6_7_a_0.in: 	[OK]	0.0910 seconds
dag_6_7_a_1.in: 	[OK]	0.0550 seconds
dag_6_8_a_0.in: 	[OK]	0.0972 seconds
dag_6_8_a_1.in: 	[OK]	0.1074 seconds
dag_6_9_a_0.in: 	[OK]	0.0771 seconds
dag_6_9_a_1.in: 	[OK]	0.0831 seconds
dag_7_0_a_0.in: 	[OK]	0.1535 seconds
dag_7_0_a_1.in: 	[OK]	0.0871 seconds
dag_7_10_a_0.in: 	[OK]	0.1462 seconds
dag_7_10_a_1.in: 	[OK]	0.0831 seconds
dag_7_11_a_0.in: 	[OK]	0.1437 seconds
dag_7_11_a_1.in: 	[OK]	0.0828 seconds
dag_7_12_a_0.in: 	[OK]	0.1408 seconds
dag_7_12_a_1.in: 	[OK]	0.0871 seconds
dag_7_13_a_0.in: 	[OK]	0.1483 seconds
dag_7_13_a_1.in: 	[OK]	0.0839 seconds
dag_7_14_a_0.in: 	[OK]	0.1399 seconds
dag_7_14_a_1.in: 	[OK]	0.0865 seconds
dag_7_15_a_0.in: 	[OK]	0.1480 seconds
dag_7_15_a_1.in: 	[OK]	0.0862 seconds
dag_7_16_a_0.in: 	[OK]	0.1451 seconds
dag_7_16_a_1.in: 	[OK]	0.0857 seconds
dag_7_17_a_0.in: 	[OK]	0.1429 seconds
dag_7_17_a_1.in: 	[OK]	0.0835 seconds
dag_7_18_a_0.in: 	[OK]	0.1449 seconds
dag_7_18_a_1.in: 	[OK]	0.0873 seconds
dag_7_19_a_0.in: 	[OK]	0.1424 seconds
dag_7_19_a_1.in: 	[OK]	0.0891 seconds
dag_7_1_a_0.in: 	[OK]	0.1522 seconds
dag_7_1_a_1.in: 	[OK]	0.0876 seconds
dag_7_20_a_0.in: 	[OK]	0.1442 seconds
dag_7_20_a_1.in: 	[OK]	0.0814 seconds
dag_7_2_a_0.in: 	[OK]	0.1484 seconds
dag_7_2_a_1.in: 	[OK]	0.0838 seconds
dag_7_3_a_0.in: 	[OK]	0.1479 seconds
dag_7_3_a_1.in: 	[OK]	0.0845 seconds
dag_7_4_a_0.in: 	[OK]	0.1551 seconds
dag_7_4_a_1.in: 	[OK]	0.0838 seconds
dag_7_5_a_0.in: 	[OK]	0.1475 seconds
dag_7_5_a_1.in: 	[OK]	0.0860 seconds
dag_7_6_a_0.in: 	[OK]	0.1464 seconds
dag_7_6_a_1.in: 	[OK]	0.0839 seconds
dag_7_7_a_0.in: 	[OK]	0.1566 seconds
dag_7_7_a_1.in: 	[OK]	0.0833 seconds
dag_7_8_a_0.in: 	[OK]	0.1570 seconds
dag_7_8_a_1.in: 	[OK]	0.0841 seconds
dag_7_9_a_0.in: 	[OK]	0.1467 seconds
dag_7_9_a_1.in: 	[OK]	0.0862 seconds
dag_8_0_a_0.in: 	[OK]	1.0304 seconds
dag_8_0_a_1.in: 	[OK]	0.3319 seconds
dag_8_10_a_0.in: 	[OK]	1.0016 seconds
dag_8_10_a_1.in: 	[OK]	0.3456 seconds
dag_8_11_a_0.in: 	[OK]	0.9891 seconds
dag_8_11_a_1.in: 	[OK]	0.3302 seconds
dag_8_12_a_0.in: 	[OK]	0.9917 seconds
dag_8_12_a_1.in: 	[OK]	0.3324 seconds
dag_8_13_a_0.in: 	[OK]	0.9974 seconds
dag_8_13_a_1.in: 	[OK]	0.3325 seconds
dag_8_14_a_0.in: 	[OK]	1.0211 seconds
dag_8_14_a_1.in: 	[OK]	0.3420 seconds
dag_8_15_a_0.in: 	[OK]	1.0083 seconds
dag_8_15_a_1.in: 	[OK]	0.3325 seconds
dag_8_16_a_0.in: 	[OK]	1.0195 seconds
dag_8_16_a_1.in: 	[OK]	0.3397 seconds
dag_8_17_a_0.in: 	[OK]	1.0693 seconds
dag_8_17_a_1.in: 	[OK]	0.3468 seconds
dag_8_18_a_0.in: 	[OK]	1.0349 seconds
dag_8_18_a_1.in: 	[OK]	0.3489 seconds
dag_8_19_a_0.in: 	[OK]	1.0323 seconds
dag_8_19_a_1.in: 	[OK]	0.3456 seconds
dag_8_1_a_0.in: 	[OK]	1.0327 seconds
dag_8_1_a_1.in: 	[OK]	0.3470 seconds
dag_8_20_a_0.in: 	[OK]	1.0631 seconds
dag_8_20_a_1.in: 	[OK]	0.3476 seconds
dag_8_21_a_0.in: 	[OK]	1.0556 seconds
dag_8_21_a_1.in: 	[OK]	0.3771 seconds
dag_8_22_a_0.in: 	[OK]	1.0965 seconds
dag_8_22_a_1.in: 	[OK]	0.5603 seconds
dag_8_23_a_0.in: 	[OK]	1.1574 seconds
dag_8_23_a_1.in: 	[OK]	0.3582 seconds
dag_8_24_a_0.in: 	[OK]	1.0960 seconds
dag_8_24_a_1.in: 	[OK]	0.4167 seconds
dag_8_25_a_0.in: 	[OK]	1.1135 seconds
dag_8_25_a_1.in: 	[OK]	0.3622 seconds
dag_8_26_a_0.in: 	[OK]	1.0819 seconds
dag_8_26_a_1.in: 	[OK]	0.3611 seconds
dag_8_27_a_0.in: 	[OK]	1.0717 seconds
dag_8_27_a_1.in: 	[OK]	0.3614 seconds
dag_8_2_a_0.in: 	[OK]	1.0865 seconds
dag_8_2_a_1.in: 	[OK]	0.3562 seconds
dag_8_3_a_0.in: 	[OK]	1.1057 seconds
dag_8_3_a_1.in: 	[OK]	0.4462 seconds
dag_8_4_a_0.in: 	[OK]	1.4969 seconds
dag_8_4_a_1.in: 	[OK]	0.3710 seconds
dag_8_5_a_0.in: 	[OK]	1.3436 seconds
dag_8_5_a_1.in: 	[OK]	0.3684 seconds
dag_8_6_a_0.in: 	[OK]	1.1100 seconds
dag_8_6_a_1.in: 	[OK]	0.3639 seconds
dag_8_7_a_0.in: 	[OK]	1.1318 seconds
dag_8_7_a_1.in: 	[OK]	0.3711 seconds
dag_8_8_a_0.in: 	[OK]	1.1161 seconds
dag_8_8_a_1.in: 	[OK]	0.3744 seconds
dag_8_9_a_0.in: 	[OK]	2.4965 seconds
dag_8_9_a_1.in: 	[OK]	0.6200 seconds
dag_9_0_a_0.in: 	[OK]	12.5410 seconds
dag_9_0_a_1.in: 	[OK]	3.1509 seconds
dag_9_10_a_0.in: 	[OK]	11.8947 seconds
dag_9_10_a_1.in: 	[OK]	3.2516 seconds
dag_9_11_a_0.in: 	[OK]	12.3746 seconds
dag_9_11_a_1.in: 	[OK]	3.1107 seconds
dag_9_12_a_0.in: 	[OK]	12.7222 seconds
dag_9_12_a_1.in: 	[OK]	3.2140 seconds
dag_9_13_a_0.in: 	[OK]	12.2641 seconds
dag_9_13_a_1.in: 	[OK]	3.1235 seconds
dag_9_14_a_0.in: 	[OK]	12.0413 seconds
dag_9_14_a_1.in: 	[OK]	3.1928 seconds
dag_9_15_a_0.in: 	[OK]	12.6340 seconds
dag_9_15_a_1.in: 	[OK]	3.1740 seconds
dag_9_16_a_0.in: 	[OK]	12.6252 seconds
dag_9_16_a_1.in: 	[OK]	3.1713 seconds
dag_9_17_a_0.in: 	[OK]	12.4346 seconds
dag_9_17_a_1.in: 	[OK]	3.1001 seconds
dag_9_18_a_0.in: 	[OK]	12.3066 seconds
dag_9_18_a_1.in: 	[OK]	3.1045 seconds
dag_9_19_a_0.in: 	[OK]	12.5422 seconds
dag_9_19_a_1.in: 	[OK]	3.1618 seconds
dag_9_1_a_0.in: 	[OK]	12.4302 seconds
dag_9_1_a_1.in: 	[OK]	3.2834 seconds
dag_9_20_a_0.in: 	[OK]	12.0462 seconds
dag_9_20_a_1.in: 	[OK]	3.2029 seconds
dag_9_21_a_0.in: 	[OK]	12.2199 seconds
dag_9_21_a_1.in: 	[OK]	3.5255 seconds
dag_9_22_a_0.in: 	[OK]	13.6977 seconds
dag_9_22_a_1.in: 	[OK]	3.8904 seconds
dag_9_23_a_0.in: 	[OK]	12.1083 seconds
dag_9_23_a_1.in: 	[OK]	3.4059 seconds
dag_9_24_a_0.in: 	[OK]	12.0343 seconds
dag_9_24_a_1.in: 	[OK]	3.1448 seconds
dag_9_25_a_0.in: 	[OK]	11.8005 seconds
dag_9_25_a_1.in: 	[OK]	2.9524 seconds
dag_9_26_a_0.in: 	[OK]	12.1631 seconds
dag_9_26_a_1.in: 	[OK]	3.2889 seconds
dag_9_27_a_0.in: 	[OK]	12.3307 seconds
dag_9_27_a_1.in: 	[OK]	3.0549 seconds
dag_9_28_a_0.in: 	[OK]	11.8701 seconds
dag_9_28_a_1.in: 	[OK]	2.9936 seconds
dag_9_29_a_0.in: 	[OK]	12.3237 seconds
dag_9_29_a_1.in: 	[OK]	3.4648 seconds
dag_9_2_a_0.in: 	[OK]	13.2690 seconds
dag_9_2_a_1.in: 	[OK]	3.6697 seconds
dag_9_30_a_0.in: 	[OK]	14.7091 seconds
dag_9_30_a_1.in: 	[OK]	4.1470 seconds
dag_9_31_a_0.in: 	[OK]	14.5176 seconds
dag_9_31_a_1.in: 	[OK]	3.1896 seconds
dag_9_32_a_0.in: 	[OK]	12.3634 seconds
dag_9_32_a_1.in: 	[OK]	3.0510 seconds
dag_9_33_a_0.in: 	[OK]	11.8378 seconds
dag_9_33_a_1.in: 	[OK]	3.0741 seconds
dag_9_34_a_0.in: 	[OK]	11.5823 seconds
dag_9_34_a_1.in: 	[OK]	2.9632 seconds
dag_9_35_a_0.in: 	[OK]	11.4274 seconds
dag_9_35_a_1.in: 	[OK]	3.1988 seconds
dag_9_3_a_0.in: 	[OK]	11.9306 seconds
dag_9_3_a_1.in: 	[OK]	2.9243 seconds
dag_9_4_a_0.in: 	[OK]	11.8527 seconds
dag_9_4_a_1.in: 	[OK]	2.9322 seconds
dag_9_5_a_0.in: 	[OK]	11.4172 seconds
dag_9_5_a_1.in: 	[OK]	2.9841 seconds
dag_9_6_a_0.in: 	[OK]	11.4903 seconds
dag_9_6_a_1.in: 	[OK]	3.0705 seconds
dag_9_7_a_0.in: 	[OK]	11.2272 seconds
dag_9_7_a_1.in: 	[OK]	3.2286 seconds
dag_9_8_a_0.in: 	[OK]	11.3615 seconds
dag_9_8_a_1.in: 	[OK]	2.9039 seconds
dag_9_9_a_0.in: 	[OK]	11.5031 seconds
dag_9_9_a_1.in: 	[OK]	3.0479 seconds
RUN naive.py for tests_a_dense

dag_4_0_a_0.in: 	[OK]	0.0635 seconds
dag_4_0_a_1.in: 	[OK]	0.0617 seconds
dag_4_1_a_0.in: 	[OK]	0.0716 seconds
dag_4_1_a_1.in: 	[OK]	0.0694 seconds
dag_4_2_a_0.in: 	[OK]	0.0743 seconds
dag_4_2_a_1.in: 	[OK]	0.0683 seconds
dag_4_3_a_0.in: 	[OK]	0.0696 seconds
dag_4_3_a_1.in: 	[OK]	0.0658 seconds
dag_4_4_a_0.in: 	[OK]	0.0725 seconds
dag_4_4_a_1.in: 	[OK]	0.0694 seconds
dag_4_5_a_0.in: 	[OK]	0.0680 seconds
dag_4_5_a_1.in: 	[OK]	0.0743 seconds
dag_5_0_a_0.in: 	[OK]	0.0689 seconds
dag_5_0_a_1.in: 	[OK]	0.0695 seconds
dag_5_1_a_0.in: 	[OK]	0.0689 seconds
dag_5_1_a_1.in: 	[OK]	0.0704 seconds
dag_5_2_a_0.in: 	[OK]	0.0748 seconds
dag_5_2_a_1.in: 	[OK]	0.0654 seconds
dag_5_3_a_0.in: 	[OK]	0.0749 seconds
dag_5_3_a_1.in: 	[OK]	0.0742 seconds
dag_5_4_a_0.in: 	[OK]	0.0708 seconds
dag_5_4_a_1.in: 	[OK]	0.0699 seconds
dag_5_5_a_0.in: 	[OK]	0.0643 seconds
dag_5_5_a_1.in: 	[OK]	0.0750 seconds
dag_5_6_a_0.in: 	[OK]	0.0738 seconds
dag_5_6_a_1.in: 	[OK]	0.0647 seconds
dag_5_7_a_0.in: 	[OK]	0.0762 seconds
dag_5_7_a_1.in: 	[OK]	0.0704 seconds
dag_5_8_a_0.in: 	[OK]	0.0749 seconds
dag_5_8_a_1.in: 	[OK]	0.0692 seconds
dag_5_9_a_0.in: 	[OK]	0.0715 seconds
dag_5_9_a_1.in: 	[OK]	0.0649 seconds
dag_6_0_a_0.in: 	[OK]	0.0834 seconds
dag_6_0_a_1.in: 	[OK]	0.0673 seconds
dag_6_10_a_0.in: 	[OK]	0.0834 seconds
dag_6_10_a_1.in: 	[OK]	0.0684 seconds
dag_6_11_a_0.in: 	[OK]	0.0815 seconds
dag_6_11_a_1.in: 	[OK]	0.0757 seconds
dag_6_12_a_0.in: 	[OK]	0.0753 seconds
dag_6_12_a_1.in: 	[OK]	0.0768 seconds
dag_6_13_a_0.in: 	[OK]	0.0742 seconds
dag_6_13_a_1.in: 	[OK]	0.0742 seconds
dag_6_14_a_0.in: 	[OK]	0.0714 seconds
dag_6_14_a_1.in: 	[OK]	0.0720 seconds
dag_6_1_a_0.in: 	[OK]	0.0765 seconds
dag_6_1_a_1.in: 	[OK]	0.0755 seconds
dag_6_2_a_0.in: 	[OK]	0.0726 seconds
dag_6_2_a_1.in: 	[OK]	0.0727 seconds
dag_6_3_a_0.in: 	[OK]	0.0755 seconds
dag_6_3_a_1.in: 	[OK]	0.0756 seconds
dag_6_4_a_0.in: 	[OK]	0.0769 seconds
dag_6_4_a_1.in: 	[OK]	0.0688 seconds
dag_6_5_a_0.in: 	[OK]	0.0897 seconds
dag_6_5_a_1.in: 	[OK]	0.0663 seconds
dag_6_6_a_0.in: 	[OK]	0.0813 seconds
dag_6_6_a_1.in: 	[OK]	0.0666 seconds
dag_6_7_a_0.in: 	[OK]	0.0802 seconds
dag_6_7_a_1.in: 	[OK]	0.0665 seconds
dag_6_8_a_0.in: 	[OK]	0.0817 seconds
dag_6_8_a_1.in: 	[OK]	0.0692 seconds
dag_6_9_a_0.in: 	[OK]	0.0801 seconds
dag_6_9_a_1.in: 	[OK]	0.0701 seconds
dag_7_0_a_0.in: 	[OK]	0.1733 seconds
dag_7_0_a_1.in: 	[OK]	0.0966 seconds
dag_7_10_a_0.in: 	[OK]	0.1694 seconds
dag_7_10_a_1.in: 	[OK]	0.0929 seconds
dag_7_11_a_0.in: 	[OK]	0.1684 seconds
dag_7_11_a_1.in: 	[OK]	0.0963 seconds
dag_7_12_a_0.in: 	[OK]	0.1722 seconds
dag_7_12_a_1.in: 	[OK]	0.0924 seconds
dag_7_13_a_0.in: 	[OK]	0.1657 seconds
dag_7_13_a_1.in: 	[OK]	0.0962 seconds
dag_7_14_a_0.in: 	[OK]	0.1672 seconds
dag_7_14_a_1.in: 	[OK]	0.0926 seconds
dag_7_15_a_0.in: 	[OK]	0.1618 seconds
dag_7_15_a_1.in: 	[OK]	0.0951 seconds
dag_7_16_a_0.in: 	[OK]	0.1669 seconds
dag_7_16_a_1.in: 	[OK]	0.0947 seconds
dag_7_17_a_0.in: 	[OK]	0.1719 seconds
dag_7_17_a_1.in: 	[OK]	0.0950 seconds
dag_7_18_a_0.in: 	[OK]	0.1829 seconds
dag_7_18_a_1.in: 	[OK]	0.0952 seconds
dag_7_19_a_0.in: 	[OK]	0.1657 seconds
dag_7_19_a_1.in: 	[OK]	0.1034 seconds
dag_7_1_a_0.in: 	[OK]	0.1877 seconds
dag_7_1_a_1.in: 	[OK]	0.1028 seconds
dag_7_20_a_0.in: 	[OK]	0.1661 seconds
dag_7_20_a_1.in: 	[OK]	0.0939 seconds
dag_7_2_a_0.in: 	[OK]	0.1706 seconds
dag_7_2_a_1.in: 	[OK]	0.1033 seconds
dag_7_3_a_0.in: 	[OK]	0.1624 seconds
dag_7_3_a_1.in: 	[OK]	0.0947 seconds
dag_7_4_a_0.in: 	[OK]	0.1716 seconds
dag_7_4_a_1.in: 	[OK]	0.1048 seconds
dag_7_5_a_0.in: 	[OK]	0.1671 seconds
dag_7_5_a_1.in: 	[OK]	0.1324 seconds
dag_7_6_a_0.in: 	[OK]	0.1978 seconds
dag_7_6_a_1.in: 	[OK]	0.0943 seconds
dag_7_7_a_0.in: 	[OK]	0.1698 seconds
dag_7_7_a_1.in: 	[OK]	0.0991 seconds
dag_7_8_a_0.in: 	[OK]	0.2059 seconds
dag_7_8_a_1.in: 	[OK]	0.0968 seconds
dag_7_9_a_0.in: 	[OK]	0.2061 seconds
dag_7_9_a_1.in: 	[OK]	0.0981 seconds
dag_8_0_a_0.in: 	[OK]	1.1366 seconds
dag_8_0_a_1.in: 	[OK]	0.3835 seconds
dag_8_10_a_0.in: 	[OK]	1.2750 seconds
dag_8_10_a_1.in: 	[OK]	0.4063 seconds
dag_8_11_a_0.in: 	[OK]	1.3432 seconds
dag_8_11_a_1.in: 	[OK]	0.4044 seconds
dag_8_12_a_0.in: 	[OK]	1.3382 seconds
dag_8_12_a_1.in: 	[OK]	0.3642 seconds
dag_8_13_a_0.in: 	[OK]	1.2948 seconds
dag_8_13_a_1.in: 	[OK]	0.4346 seconds
dag_8_14_a_0.in: 	[OK]	1.3629 seconds
dag_8_14_a_1.in: 	[OK]	0.4034 seconds
dag_8_15_a_0.in: 	[OK]	1.3151 seconds
dag_8_15_a_1.in: 	[OK]	0.4205 seconds
dag_8_16_a_0.in: 	[OK]	1.1988 seconds
dag_8_16_a_1.in: 	[OK]	0.5059 seconds
dag_8_17_a_0.in: 	[OK]	1.1891 seconds
dag_8_17_a_1.in: 	[OK]	0.3987 seconds
dag_8_18_a_0.in: 	[OK]	1.2805 seconds
dag_8_18_a_1.in: 	[OK]	0.4305 seconds
dag_8_19_a_0.in: 	[OK]	1.2631 seconds
dag_8_19_a_1.in: 	[OK]	0.3895 seconds
dag_8_1_a_0.in: 	[OK]	1.5128 seconds
dag_8_1_a_1.in: 	[OK]	0.3656 seconds
dag_8_20_a_0.in: 	[OK]	1.0961 seconds
dag_8_20_a_1.in: 	[OK]	0.3726 seconds
dag_8_21_a_0.in: 	[OK]	1.0960 seconds
dag_8_21_a_1.in: 	[OK]	0.3600 seconds
dag_8_22_a_0.in: 	[OK]	1.1033 seconds
dag_8_22_a_1.in: 	[OK]	0.3676 seconds
dag_8_23_a_0.in: 	[OK]	1.0951 seconds
dag_8_23_a_1.in: 	[OK]	0.3760 seconds
dag_8_24_a_0.in: 	[OK]	1.0942 seconds
dag_8_24_a_1.in: 	[OK]	0.3550 seconds
dag_8_25_a_0.in: 	[OK]	1.1593 seconds
dag_8_25_a_1.in: 	[OK]	0.4215 seconds
dag_8_26_a_0.in: 	[OK]	2.0144 seconds
dag_8_26_a_1.in: 	[OK]	0.5704 seconds
dag_8_27_a_0.in: 	[OK]	1.0986 seconds
dag_8_27_a_1.in: 	[OK]	0.3515 seconds
dag_8_2_a_0.in: 	[OK]	1.0971 seconds
dag_8_2_a_1.in: 	[OK]	0.3552 seconds
dag_8_3_a_0.in: 	[OK]	1.1013 seconds
dag_8_3_a_1.in: 	[OK]	0.3521 seconds
dag_8_4_a_0.in: 	[OK]	1.1127 seconds
dag_8_4_a_1.in: 	[OK]	0.3624 seconds
dag_8_5_a_0.in: 	[OK]	1.1025 seconds
dag_8_5_a_1.in: 	[OK]	0.3758 seconds
dag_8_6_a_0.in: 	[OK]	1.1509 seconds
dag_8_6_a_1.in: 	[OK]	0.3575 seconds
dag_8_7_a_0.in: 	[OK]	1.0971 seconds
dag_8_7_a_1.in: 	[OK]	0.3649 seconds
dag_8_8_a_0.in: 	[OK]	1.1181 seconds
dag_8_8_a_1.in: 	[OK]	0.3844 seconds
dag_8_9_a_0.in: 	[OK]	1.1170 seconds
dag_8_9_a_1.in: 	[OK]	0.3560 seconds
dag_9_0_a_0.in: 	[OK]	12.1167 seconds
dag_9_0_a_1.in: 	[OK]	2.9887 seconds
dag_9_10_a_0.in: 	[OK]	11.7312 seconds
dag_9_10_a_1.in: 	[OK]	2.9496 seconds
dag_9_11_a_0.in: 	[OK]	11.6794 seconds
dag_9_11_a_1.in: 	[OK]	3.2622 seconds
dag_9_12_a_0.in: 	[OK]	12.0024 seconds
dag_9_12_a_1.in: 	[OK]	2.9268 seconds
dag_9_13_a_0.in: 	[OK]	11.5132 seconds
dag_9_13_a_1.in: 	[OK]	3.1131 seconds
dag_9_14_a_0.in: 	[OK]	11.6328 seconds
dag_9_14_a_1.in: 	[OK]	2.9152 seconds
dag_9_15_a_0.in: 	[OK]	11.7551 seconds
dag_9_15_a_1.in: 	[OK]	2.9363 seconds
dag_9_16_a_0.in: 	[OK]	11.6513 seconds
dag_9_16_a_1.in: 	[OK]	3.0632 seconds
dag_9_17_a_0.in: 	[OK]	11.2751 seconds
dag_9_17_a_1.in: 	[OK]	2.9823 seconds
dag_9_18_a_0.in: 	[OK]	11.3060 seconds
dag_9_18_a_1.in: 	[OK]	2.9563 seconds
dag_9_19_a_0.in: 	[OK]	11.9393 seconds
dag_9_19_a_1.in: 	[OK]	2.9232 seconds
dag_9_1_a_0.in: 	[OK]	11.9021 seconds
dag_9_1_a_1.in: 	[OK]	2.9335 seconds
dag_9_20_a_0.in: 	[OK]	11.6840 seconds
dag_9_20_a_1.in: 	[OK]	2.9535 seconds
dag_9_21_a_0.in: 	[OK]	11.2326 seconds
dag_9_21_a_1.in: 	[OK]	2.9700 seconds
dag_9_22_a_0.in: 	[OK]	11.5091 seconds
dag_9_22_a_1.in: 	[OK]	3.2406 seconds
dag_9_23_a_0.in: 	[OK]	11.6147 seconds
dag_9_23_a_1.in: 	[OK]	2.9926 seconds
dag_9_24_a_0.in: 	[OK]	11.5343 seconds
dag_9_24_a_1.in: 	[OK]	2.9616 seconds
dag_9_25_a_0.in: 	[OK]	11.1702 seconds
dag_9_25_a_1.in: 	[OK]	2.8872 seconds
dag_9_26_a_0.in: 	[OK]	14.4180 seconds
dag_9_26_a_1.in: 	[OK]	4.2525 seconds
dag_9_27_a_0.in: 	[OK]	15.1066 seconds
dag_9_27_a_1.in: 	[OK]	3.4652 seconds
dag_9_28_a_0.in: 	[OK]	11.7309 seconds
dag_9_28_a_1.in: 	[OK]	3.0839 seconds
dag_9_29_a_0.in: 	[OK]	11.4578 seconds
dag_9_29_a_1.in: 	[OK]	3.0991 seconds
dag_9_2_a_0.in: 	[OK]	11.6966 seconds
dag_9_2_a_1.in: 	[OK]	2.9057 seconds
dag_9_30_a_0.in: 	[OK]	12.7021 seconds
dag_9_30_a_1.in: 	[OK]	3.7313 seconds
dag_9_31_a_0.in: 	[OK]	13.1186 seconds
dag_9_31_a_1.in: 	[OK]	2.9325 seconds
dag_9_32_a_0.in: 	[OK]	11.4500 seconds
dag_9_32_a_1.in: 	[OK]	2.9977 seconds
dag_9_33_a_0.in: 	[OK]	11.6155 seconds
dag_9_33_a_1.in: 	[OK]	3.0728 seconds
dag_9_34_a_0.in: 	[OK]	15.4296 seconds
dag_9_34_a_1.in: 	[OK]	4.6845 seconds
dag_9_35_a_0.in: 	[OK]	11.9616 seconds
dag_9_35_a_1.in: 	[OK]	3.0354 seconds
dag_9_3_a_0.in: 	[OK]	11.2839 seconds
dag_9_3_a_1.in: 	[OK]	2.9039 seconds
dag_9_4_a_0.in: 	[OK]	11.6249 seconds
dag_9_4_a_1.in: 	[OK]	2.9128 seconds
dag_9_5_a_0.in: 	[OK]	11.7249 seconds
dag_9_5_a_1.in: 	[OK]	2.9028 seconds
dag_9_6_a_0.in: 	[OK]	11.3082 seconds
dag_9_6_a_1.in: 	[OK]	2.9419 seconds
dag_9_7_a_0.in: 	[OK]	11.3828 seconds
dag_9_7_a_1.in: 	[OK]	3.0192 seconds
dag_9_8_a_0.in: 	[OK]	12.1025 seconds
dag_9_8_a_1.in: 	[OK]	2.8744 seconds
dag_9_9_a_0.in: 	[OK]	11.7483 seconds
dag_9_9_a_1.in: 	[OK]	2.9535 seconds
run trees.py for tests_tr0

dag_1024_0_t_0.in: 	[OK]	0.0885 seconds
dag_1024_0_t_1.in: 	[OK]	0.0704 seconds
dag_1024_1_t_0.in: 	[OK]	0.0840 seconds
dag_1024_1_t_1.in: 	[OK]	0.0807 seconds
dag_1024_2_t_0.in: 	[OK]	0.0880 seconds
dag_1024_2_t_1.in: 	[OK]	0.0803 seconds
dag_1024_3_t_0.in: 	[OK]	0.0814 seconds
dag_1024_3_t_1.in: 	[OK]	0.0785 seconds
dag_1024_4_t_0.in: 	[OK]	0.0857 seconds
dag_1024_4_t_1.in: 	[OK]	0.0789 seconds
dag_1024_5_t_0.in: 	[OK]	0.0819 seconds
dag_1024_5_t_1.in: 	[OK]	0.0797 seconds
dag_1024_6_t_0.in: 	[OK]	0.0832 seconds
dag_1024_6_t_1.in: 	[OK]	0.0785 seconds
dag_1024_7_t_0.in: 	[OK]	0.0802 seconds
dag_1024_7_t_1.in: 	[OK]	0.0850 seconds
dag_1024_8_t_0.in: 	[OK]	0.0827 seconds
dag_1024_8_t_1.in: 	[OK]	0.0794 seconds
dag_1024_9_t_0.in: 	[OK]	0.0810 seconds
dag_1024_9_t_1.in: 	[OK]	0.0853 seconds
dag_10_0_t_0.in: 	[OK]	0.0625 seconds
dag_10_0_t_1.in: 	[OK]	0.0739 seconds
dag_10_1_t_0.in: 	[OK]	0.0700 seconds
dag_10_1_t_1.in: 	[OK]	0.0673 seconds
dag_10_2_t_0.in: 	[OK]	0.0721 seconds
dag_10_2_t_1.in: 	[OK]	0.0615 seconds
dag_10_3_t_0.in: 	[OK]	0.0723 seconds
dag_10_3_t_1.in: 	[OK]	0.0684 seconds
dag_10_4_t_0.in: 	[OK]	0.0674 seconds
dag_10_4_t_1.in: 	[OK]	0.0665 seconds
dag_10_5_t_0.in: 	[OK]	0.0675 seconds
dag_10_5_t_1.in: 	[OK]	0.0664 seconds
dag_10_6_t_0.in: 	[OK]	0.0733 seconds
dag_10_6_t_1.in: 	[OK]	0.0652 seconds
dag_10_7_t_0.in: 	[OK]	0.0668 seconds
dag_10_7_t_1.in: 	[OK]	0.0700 seconds
dag_10_8_t_0.in: 	[OK]	0.0697 seconds
dag_10_8_t_1.in: 	[OK]	0.0622 seconds
dag_10_9_t_0.in: 	[OK]	0.0726 seconds
dag_10_9_t_1.in: 	[OK]	0.0690 seconds
dag_11_0_t_0.in: 	[OK]	0.0688 seconds
dag_11_0_t_1.in: 	[OK]	0.0676 seconds
dag_11_10_t_0.in: 	[OK]	0.0676 seconds
dag_11_10_t_1.in: 	[OK]	0.0676 seconds
dag_11_1_t_0.in: 	[OK]	0.0628 seconds
dag_11_1_t_1.in: 	[OK]	0.0716 seconds
dag_11_2_t_0.in: 	[OK]	0.0718 seconds
dag_11_2_t_1.in: 	[OK]	0.0688 seconds
dag_11_3_t_0.in: 	[OK]	0.0757 seconds
dag_11_3_t_1.in: 	[OK]	0.0674 seconds
dag_11_4_t_0.in: 	[OK]	0.0723 seconds
dag_11_4_t_1.in: 	[OK]	0.0660 seconds
dag_11_5_t_0.in: 	[OK]	0.0750 seconds
dag_11_5_t_1.in: 	[OK]	0.0706 seconds
dag_11_6_t_0.in: 	[OK]	0.0611 seconds
dag_11_6_t_1.in: 	[OK]	0.0759 seconds
dag_11_7_t_0.in: 	[OK]	0.0636 seconds
dag_11_7_t_1.in: 	[OK]	0.0703 seconds
dag_11_8_t_0.in: 	[OK]	0.0785 seconds
dag_11_8_t_1.in: 	[OK]	0.0647 seconds
dag_11_9_t_0.in: 	[OK]	0.0708 seconds
dag_11_9_t_1.in: 	[OK]	0.0675 seconds
dag_128_0_t_0.in: 	[OK]	0.0679 seconds
dag_128_0_t_1.in: 	[OK]	0.0637 seconds
dag_128_1_t_0.in: 	[OK]	0.0763 seconds
dag_128_1_t_1.in: 	[OK]	0.0730 seconds
dag_128_2_t_0.in: 	[OK]	0.0627 seconds
dag_128_2_t_1.in: 	[OK]	0.0757 seconds
dag_128_3_t_0.in: 	[OK]	0.0703 seconds
dag_128_3_t_1.in: 	[OK]	0.0628 seconds
dag_128_4_t_0.in: 	[OK]	0.0857 seconds
dag_128_4_t_1.in: 	[OK]	0.0645 seconds
dag_128_5_t_0.in: 	[OK]	0.0689 seconds
dag_128_5_t_1.in: 	[OK]	0.0688 seconds
dag_128_6_t_0.in: 	[OK]	0.0740 seconds
dag_128_6_t_1.in: 	[OK]	0.0631 seconds
dag_128_7_t_0.in: 	[OK]	0.0690 seconds
dag_128_7_t_1.in: 	[OK]	0.0684 seconds
dag_128_8_t_0.in: 	[OK]	0.0819 seconds
dag_128_8_t_1.in: 	[OK]	0.0627 seconds
dag_128_9_t_0.in: 	[OK]	0.0770 seconds
dag_128_9_t_1.in: 	[OK]	0.0657 seconds
dag_12_0_t_0.in: 	[OK]	0.0697 seconds
dag_12_0_t_1.in: 	[OK]	0.0705 seconds
dag_12_10_t_0.in: 	[OK]	0.0687 seconds
dag_12_10_t_1.in: 	[OK]	0.0697 seconds
dag_12_11_t_0.in: 	[OK]	0.0668 seconds
dag_12_11_t_1.in: 	[OK]	0.0660 seconds
dag_12_1_t_0.in: 	[OK]	0.0688 seconds
dag_12_1_t_1.in: 	[OK]	0.0644 seconds
dag_12_2_t_0.in: 	[OK]	0.0748 seconds
dag_12_2_t_1.in: 	[OK]	0.0672 seconds
dag_12_3_t_0.in: 	[OK]	0.0762 seconds
dag_12_3_t_1.in: 	[OK]	0.0645 seconds
dag_12_4_t_0.in: 	[OK]	0.0667 seconds
dag_12_4_t_1.in: 	[OK]	0.0800 seconds
dag_12_5_t_0.in: 	[OK]	0.0602 seconds
dag_12_5_t_1.in: 	[OK]	0.0777 seconds
dag_12_6_t_0.in: 	[OK]	0.0725 seconds
dag_12_6_t_1.in: 	[OK]	0.0598 seconds
dag_12_7_t_0.in: 	[OK]	0.0811 seconds
dag_12_7_t_1.in: 	[OK]	0.0642 seconds
dag_12_8_t_0.in: 	[OK]	0.0756 seconds
dag_12_8_t_1.in: 	[OK]	0.0585 seconds
dag_12_9_t_0.in: 	[OK]	0.0797 seconds
dag_12_9_t_1.in: 	[OK]	0.0634 seconds
dag_131072_0_t_0.in: 	[OK]	28.3259 seconds
dag_131072_0_t_1.in: 	[OK]	18.0403 seconds
dag_131072_1_t_0.in: 	[OK]	69.4143 seconds
dag_131072_1_t_1.in: 	[OK]	22.7746 seconds
dag_131072_2_t_0.in: 	[OK]	25.1790 seconds
dag_131072_2_t_1.in: 	[OK]	22.4436 seconds
dag_131072_3_t_0.in: 	[OK]	40.6961 seconds
dag_131072_3_t_1.in: 	[OK]	36.9490 seconds
dag_131072_4_t_0.in: 	[OK]	12.7135 seconds
dag_131072_4_t_1.in: 	[OK]	23.4209 seconds
dag_131072_5_t_0.in: 	[OK]	35.0223 seconds
dag_131072_5_t_1.in: 	[OK]	7.9403 seconds
dag_131072_6_t_0.in: 	[OK]	44.7910 seconds
dag_131072_6_t_1.in: 	[OK]	41.5619 seconds
dag_131072_7_t_0.in: 	[OK]	15.3738 seconds
dag_131072_7_t_1.in: 	[OK]	8.6790 seconds
dag_131072_8_t_0.in: 	[OK]	5.6908 seconds
dag_131072_8_t_1.in: 	[OK]	12.4625 seconds
dag_131072_9_t_0.in: 	[OK]	18.5725 seconds
dag_131072_9_t_1.in: 	[OK]	29.0477 seconds
dag_13_0_t_0.in: 	[OK]	0.0589 seconds
dag_13_0_t_1.in: 	[OK]	0.0658 seconds
dag_13_10_t_0.in: 	[OK]	0.0846 seconds
dag_13_10_t_1.in: 	[OK]	0.0756 seconds
dag_13_11_t_0.in: 	[OK]	0.0734 seconds
dag_13_11_t_1.in: 	[OK]	0.0679 seconds
dag_13_12_t_0.in: 	[OK]	0.0652 seconds
dag_13_12_t_1.in: 	[OK]	0.0703 seconds
dag_13_1_t_0.in: 	[OK]	0.0603 seconds
dag_13_1_t_1.in: 	[OK]	0.0732 seconds
dag_13_2_t_0.in: 	[OK]	0.2750 seconds
dag_13_2_t_1.in: 	[OK]	0.0593 seconds
dag_13_3_t_0.in: 	[OK]	0.0730 seconds
dag_13_3_t_1.in: 	[OK]	0.0704 seconds
dag_13_4_t_0.in: 	[OK]	0.0726 seconds
dag_13_4_t_1.in: 	[OK]	0.0744 seconds
dag_13_5_t_0.in: 	[OK]	0.0698 seconds
dag_13_5_t_1.in: 	[OK]	0.0680 seconds
dag_13_6_t_0.in: 	[OK]	0.0760 seconds
dag_13_6_t_1.in: 	[OK]	0.0593 seconds
dag_13_7_t_0.in: 	[OK]	0.0723 seconds
dag_13_7_t_1.in: 	[OK]	0.0699 seconds
dag_13_8_t_0.in: 	[OK]	0.0677 seconds
dag_13_8_t_1.in: 	[OK]	0.0671 seconds
dag_13_9_t_0.in: 	[OK]	0.0691 seconds
dag_13_9_t_1.in: 	[OK]	0.0600 seconds
dag_14_0_t_0.in: 	[OK]	0.0785 seconds
dag_14_0_t_1.in: 	[OK]	0.0654 seconds
dag_14_10_t_0.in: 	[OK]	0.0660 seconds
dag_14_10_t_1.in: 	[OK]	0.0651 seconds
dag_14_11_t_0.in: 	[OK]	0.0743 seconds
dag_14_11_t_1.in: 	[OK]	0.0586 seconds
dag_14_12_t_0.in: 	[OK]	0.0867 seconds
dag_14_12_t_1.in: 	[OK]	0.0589 seconds
dag_14_13_t_0.in: 	[OK]	0.0940 seconds
dag_14_13_t_1.in: 	[OK]	0.0598 seconds
dag_14_1_t_0.in: 	[OK]	0.0717 seconds
dag_14_1_t_1.in: 	[OK]	0.0709 seconds
dag_14_2_t_0.in: 	[OK]	0.0699 seconds
dag_14_2_t_1.in: 	[OK]	0.0606 seconds
dag_14_3_t_0.in: 	[OK]	0.0827 seconds
dag_14_3_t_1.in: 	[OK]	0.0608 seconds
dag_14_4_t_0.in: 	[OK]	0.0676 seconds
dag_14_4_t_1.in: 	[OK]	0.0743 seconds
dag_14_5_t_0.in: 	[OK]	0.0711 seconds
dag_14_5_t_1.in: 	[OK]	0.0678 seconds
dag_14_6_t_0.in: 	[OK]	0.0855 seconds
dag_14_6_t_1.in: 	[OK]	0.0783 seconds
dag_14_7_t_0.in: 	[OK]	0.0720 seconds
dag_14_7_t_1.in: 	[OK]	0.0686 seconds
dag_14_8_t_0.in: 	[OK]	0.0710 seconds
dag_14_8_t_1.in: 	[OK]	0.0664 seconds
dag_14_9_t_0.in: 	[OK]	0.0713 seconds
dag_14_9_t_1.in: 	[OK]	0.0721 seconds
dag_15_0_t_0.in: 	[OK]	0.0685 seconds
dag_15_0_t_1.in: 	[OK]	0.0707 seconds
dag_15_10_t_0.in: 	[OK]	0.0634 seconds
dag_15_10_t_1.in: 	[OK]	0.0831 seconds
dag_15_11_t_0.in: 	[OK]	0.0698 seconds
dag_15_11_t_1.in: 	[OK]	0.0586 seconds
dag_15_12_t_0.in: 	[OK]	0.0884 seconds
dag_15_12_t_1.in: 	[OK]	0.0701 seconds
dag_15_13_t_0.in: 	[OK]	0.0707 seconds
dag_15_13_t_1.in: 	[OK]	0.0736 seconds
dag_15_14_t_0.in: 	[OK]	0.0682 seconds
dag_15_14_t_1.in: 	[OK]	0.0682 seconds
dag_15_1_t_0.in: 	[OK]	0.0708 seconds
dag_15_1_t_1.in: 	[OK]	0.0720 seconds
dag_15_2_t_0.in: 	[OK]	0.0646 seconds
dag_15_2_t_1.in: 	[OK]	0.0724 seconds
dag_15_3_t_0.in: 	[OK]	0.0740 seconds
dag_15_3_t_1.in: 	[OK]	0.0638 seconds
dag_15_4_t_0.in: 	[OK]	0.0718 seconds
dag_15_4_t_1.in: 	[OK]	0.0727 seconds
dag_15_5_t_0.in: 	[OK]	0.0678 seconds
dag_15_5_t_1.in: 	[OK]	0.0698 seconds
dag_15_6_t_0.in: 	[OK]	0.0696 seconds
dag_15_6_t_1.in: 	[OK]	0.0625 seconds
dag_15_7_t_0.in: 	[OK]	0.0815 seconds
dag_15_7_t_1.in: 	[OK]	0.0640 seconds
dag_15_8_t_0.in: 	[OK]	0.0723 seconds
dag_15_8_t_1.in: 	[OK]	0.0633 seconds
dag_15_9_t_0.in: 	[OK]	0.0836 seconds
dag_15_9_t_1.in: 	[OK]	0.0611 seconds
dag_16384_0_t_0.in: 	[OK]	1.2166 seconds
dag_16384_0_t_1.in: 	[OK]	0.5624 seconds
dag_16384_1_t_0.in: 	[OK]	0.6894 seconds
dag_16384_1_t_1.in: 	[OK]	0.7114 seconds
dag_16384_2_t_0.in: 	[OK]	0.7645 seconds
dag_16384_2_t_1.in: 	[OK]	0.7223 seconds
dag_16384_3_t_0.in: 	[OK]	0.9134 seconds
dag_16384_3_t_1.in: 	[OK]	0.9326 seconds
dag_16384_4_t_0.in: 	[OK]	0.6146 seconds
dag_16384_4_t_1.in: 	[OK]	0.6962 seconds
dag_16384_5_t_0.in: 	[OK]	0.6693 seconds
dag_16384_5_t_1.in: 	[OK]	0.8764 seconds
dag_16384_6_t_0.in: 	[OK]	0.3855 seconds
dag_16384_6_t_1.in: 	[OK]	0.8809 seconds
dag_16384_7_t_0.in: 	[OK]	0.3832 seconds
dag_16384_7_t_1.in: 	[OK]	0.8154 seconds
dag_16384_8_t_0.in: 	[OK]	0.6698 seconds
dag_16384_8_t_1.in: 	[OK]	0.6982 seconds
dag_16384_9_t_0.in: 	[OK]	0.6922 seconds
dag_16384_9_t_1.in: 	[OK]	0.8928 seconds
dag_16_0_t_0.in: 	[OK]	0.0502 seconds
dag_16_0_t_1.in: 	[OK]	0.0798 seconds
dag_16_1_t_0.in: 	[OK]	0.0627 seconds
dag_16_1_t_1.in: 	[OK]	0.0740 seconds
dag_16_2_t_0.in: 	[OK]	0.0685 seconds
dag_16_2_t_1.in: 	[OK]	0.0685 seconds
dag_16_3_t_0.in: 	[OK]	0.0730 seconds
dag_16_3_t_1.in: 	[OK]	0.0631 seconds
dag_16_4_t_0.in: 	[OK]	0.0706 seconds
dag_16_4_t_1.in: 	[OK]	0.0695 seconds
dag_16_5_t_0.in: 	[OK]	0.0687 seconds
dag_16_5_t_1.in: 	[OK]	0.0661 seconds
dag_16_6_t_0.in: 	[OK]	0.0668 seconds
dag_16_6_t_1.in: 	[OK]	0.0668 seconds
dag_16_7_t_0.in: 	[OK]	0.0619 seconds
dag_16_7_t_1.in: 	[OK]	0.0829 seconds
dag_16_8_t_0.in: 	[OK]	0.0623 seconds
dag_16_8_t_1.in: 	[OK]	0.0697 seconds
dag_16_9_t_0.in: 	[OK]	0.0664 seconds
dag_16_9_t_1.in: 	[OK]	0.0810 seconds
dag_2048_0_t_0.in: 	[OK]	0.1520 seconds
dag_2048_0_t_1.in: 	[OK]	0.1182 seconds
dag_2048_1_t_0.in: 	[OK]	0.1236 seconds
dag_2048_1_t_1.in: 	[OK]	0.1076 seconds
dag_2048_2_t_0.in: 	[OK]	0.1278 seconds
dag_2048_2_t_1.in: 	[OK]	0.1258 seconds
dag_2048_3_t_0.in: 	[OK]	0.1086 seconds
dag_2048_3_t_1.in: 	[OK]	0.1135 seconds
dag_2048_4_t_0.in: 	[OK]	0.1252 seconds
dag_2048_4_t_1.in: 	[OK]	0.1278 seconds
dag_2048_5_t_0.in: 	[OK]	0.1151 seconds
dag_2048_5_t_1.in: 	[OK]	0.1069 seconds
dag_2048_6_t_0.in: 	[OK]	0.1092 seconds
dag_2048_6_t_1.in: 	[OK]	0.1086 seconds
dag_2048_7_t_0.in: 	[OK]	0.1228 seconds
dag_2048_7_t_1.in: 	[OK]	0.1063 seconds
dag_2048_8_t_0.in: 	[OK]	0.1212 seconds
dag_2048_8_t_1.in: 	[OK]	0.1207 seconds
dag_2048_9_t_0.in: 	[OK]	0.1049 seconds
dag_2048_9_t_1.in: 	[OK]	0.1226 seconds
dag_256_0_t_0.in: 	[OK]	0.0622 seconds
dag_256_0_t_1.in: 	[OK]	0.0826 seconds
dag_256_1_t_0.in: 	[OK]	0.0744 seconds
dag_256_1_t_1.in: 	[OK]	0.0721 seconds
dag_256_2_t_0.in: 	[OK]	0.0778 seconds
dag_256_2_t_1.in: 	[OK]	0.0771 seconds
dag_256_3_t_0.in: 	[OK]	0.0706 seconds
dag_256_3_t_1.in: 	[OK]	0.0707 seconds
dag_256_4_t_0.in: 	[OK]	0.0801 seconds
dag_256_4_t_1.in: 	[OK]	0.0722 seconds
dag_256_5_t_0.in: 	[OK]	0.0727 seconds
dag_256_5_t_1.in: 	[OK]	0.0768 seconds
dag_256_6_t_0.in: 	[OK]	0.0709 seconds
dag_256_6_t_1.in: 	[OK]	0.0745 seconds
dag_256_7_t_0.in: 	[OK]	0.0729 seconds
dag_256_7_t_1.in: 	[OK]	0.0813 seconds
dag_256_8_t_0.in: 	[OK]	0.0659 seconds
dag_256_8_t_1.in: 	[OK]	0.0769 seconds
dag_256_9_t_0.in: 	[OK]	0.0699 seconds
dag_256_9_t_1.in: 	[OK]	0.0809 seconds
dag_32768_0_t_0.in: 	[OK]	2.6390 seconds
dag_32768_0_t_1.in: 	[OK]	1.2490 seconds
dag_32768_1_t_0.in: 	[OK]	2.8900 seconds
dag_32768_1_t_1.in: 	[OK]	2.4652 seconds
dag_32768_2_t_0.in: 	[OK]	2.7745 seconds
dag_32768_2_t_1.in: 	[OK]	1.4587 seconds
dag_32768_3_t_0.in: 	[OK]	1.2553 seconds
dag_32768_3_t_1.in: 	[OK]	1.4375 seconds
dag_32768_4_t_0.in: 	[OK]	0.8076 seconds
dag_32768_4_t_1.in: 	[OK]	1.1954 seconds
dag_32768_5_t_0.in: 	[OK]	3.1470 seconds
dag_32768_5_t_1.in: 	[OK]	1.1540 seconds
dag_32768_6_t_0.in: 	[OK]	1.3814 seconds
dag_32768_6_t_1.in: 	[OK]	2.9963 seconds
dag_32768_7_t_0.in: 	[OK]	1.6592 seconds
dag_32768_7_t_1.in: 	[OK]	1.7926 seconds
dag_32768_8_t_0.in: 	[OK]	3.2376 seconds
dag_32768_8_t_1.in: 	[OK]	1.9068 seconds
dag_32768_9_t_0.in: 	[OK]	2.2258 seconds
dag_32768_9_t_1.in: 	[OK]	2.0289 seconds
dag_32_0_t_0.in: 	[OK]	0.0494 seconds
dag_32_0_t_1.in: 	[OK]	0.0761 seconds
dag_32_1_t_0.in: 	[OK]	0.0693 seconds
dag_32_1_t_1.in: 	[OK]	0.0678 seconds
dag_32_2_t_0.in: 	[OK]	0.0654 seconds
dag_32_2_t_1.in: 	[OK]	0.0655 seconds
dag_32_3_t_0.in: 	[OK]	0.0663 seconds
dag_32_3_t_1.in: 	[OK]	0.0746 seconds
dag_32_4_t_0.in: 	[OK]	0.0631 seconds
dag_32_4_t_1.in: 	[OK]	0.0682 seconds
dag_32_5_t_0.in: 	[OK]	0.0701 seconds
dag_32_5_t_1.in: 	[OK]	0.0698 seconds
dag_32_6_t_0.in: 	[OK]	0.0682 seconds
dag_32_6_t_1.in: 	[OK]	0.0614 seconds
dag_32_7_t_0.in: 	[OK]	0.0801 seconds
dag_32_7_t_1.in: 	[OK]	0.0633 seconds
dag_32_8_t_0.in: 	[OK]	0.0686 seconds
dag_32_8_t_1.in: 	[OK]	0.0768 seconds
dag_32_9_t_0.in: 	[OK]	0.0620 seconds
dag_32_9_t_1.in: 	[OK]	0.0699 seconds
dag_4096_0_t_0.in: 	[OK]	0.1744 seconds
dag_4096_0_t_1.in: 	[OK]	0.1813 seconds
dag_4096_1_t_0.in: 	[OK]	0.1942 seconds
dag_4096_1_t_1.in: 	[OK]	0.1821 seconds
dag_4096_2_t_0.in: 	[OK]	0.2116 seconds
dag_4096_2_t_1.in: 	[OK]	0.1622 seconds
dag_4096_3_t_0.in: 	[OK]	0.1821 seconds
dag_4096_3_t_1.in: 	[OK]	0.1855 seconds
dag_4096_4_t_0.in: 	[OK]	0.1861 seconds
dag_4096_4_t_1.in: 	[OK]	0.1614 seconds
dag_4096_5_t_0.in: 	[OK]	0.1774 seconds
dag_4096_5_t_1.in: 	[OK]	0.1899 seconds
dag_4096_6_t_0.in: 	[OK]	0.2090 seconds
dag_4096_6_t_1.in: 	[OK]	0.1947 seconds
dag_4096_7_t_0.in: 	[OK]	0.2698 seconds
dag_4096_7_t_1.in: 	[OK]	0.1734 seconds
dag_4096_8_t_0.in: 	[OK]	0.1618 seconds
dag_4096_8_t_1.in: 	[OK]	0.1976 seconds
dag_4096_9_t_0.in: 	[OK]	0.2080 seconds
dag_4096_9_t_1.in: 	[OK]	0.1662 seconds
dag_4_0_t_0.in: 	[OK]	0.0576 seconds
dag_4_0_t_1.in: 	[OK]	0.0684 seconds
dag_4_1_t_0.in: 	[OK]	0.0690 seconds
dag_4_1_t_1.in: 	[OK]	0.0683 seconds
dag_4_2_t_0.in: 	[OK]	0.0650 seconds
dag_4_2_t_1.in: 	[OK]	0.0806 seconds
dag_4_3_t_0.in: 	[OK]	0.0632 seconds
dag_4_3_t_1.in: 	[OK]	0.0651 seconds
dag_512_0_t_0.in: 	[OK]	0.0836 seconds
dag_512_0_t_1.in: 	[OK]	0.0714 seconds
dag_512_1_t_0.in: 	[OK]	0.0771 seconds
dag_512_1_t_1.in: 	[OK]	0.0844 seconds
dag_512_2_t_0.in: 	[OK]	0.0791 seconds
dag_512_2_t_1.in: 	[OK]	0.1009 seconds
dag_512_3_t_0.in: 	[OK]	0.1019 seconds
dag_512_3_t_1.in: 	[OK]	0.0859 seconds
dag_512_4_t_0.in: 	[OK]	0.0885 seconds
dag_512_4_t_1.in: 	[OK]	0.0826 seconds
dag_512_5_t_0.in: 	[OK]	0.0741 seconds
dag_512_5_t_1.in: 	[OK]	0.0884 seconds
dag_512_6_t_0.in: 	[OK]	0.0872 seconds
dag_512_6_t_1.in: 	[OK]	0.0952 seconds
dag_512_7_t_0.in: 	[OK]	0.0826 seconds
dag_512_7_t_1.in: 	[OK]	0.0835 seconds
dag_512_8_t_0.in: 	[OK]	0.0799 seconds
dag_512_8_t_1.in: 	[OK]	0.0813 seconds
dag_512_9_t_0.in: 	[OK]	0.0846 seconds
dag_512_9_t_1.in: 	[OK]	0.0727 seconds
dag_5_0_t_0.in: 	[OK]	0.0626 seconds
dag_5_0_t_1.in: 	[OK]	0.0754 seconds
dag_5_1_t_0.in: 	[OK]	0.0734 seconds
dag_5_1_t_1.in: 	[OK]	0.0605 seconds
dag_5_2_t_0.in: 	[OK]	0.0830 seconds
dag_5_2_t_1.in: 	[OK]	0.0625 seconds
dag_5_3_t_0.in: 	[OK]	0.2796 seconds
dag_5_3_t_1.in: 	[OK]	0.0722 seconds
dag_5_4_t_0.in: 	[OK]	0.0716 seconds
dag_5_4_t_1.in: 	[OK]	0.0695 seconds
dag_64_0_t_0.in: 	[OK]	0.0748 seconds
dag_64_0_t_1.in: 	[OK]	0.0620 seconds
dag_64_1_t_0.in: 	[OK]	0.0766 seconds
dag_64_1_t_1.in: 	[OK]	0.0711 seconds
dag_64_2_t_0.in: 	[OK]	0.0677 seconds
dag_64_2_t_1.in: 	[OK]	0.0706 seconds
dag_64_3_t_0.in: 	[OK]	0.0732 seconds
dag_64_3_t_1.in: 	[OK]	0.0660 seconds
dag_64_4_t_0.in: 	[OK]	0.0750 seconds
dag_64_4_t_1.in: 	[OK]	0.0727 seconds
dag_64_5_t_0.in: 	[OK]	0.0658 seconds
dag_64_5_t_1.in: 	[OK]	0.0723 seconds
dag_64_6_t_0.in: 	[OK]	0.0764 seconds
dag_64_6_t_1.in: 	[OK]	0.0700 seconds
dag_64_7_t_0.in: 	[OK]	0.0697 seconds
dag_64_7_t_1.in: 	[OK]	0.0770 seconds
dag_64_8_t_0.in: 	[OK]	0.0682 seconds
dag_64_8_t_1.in: 	[OK]	0.0721 seconds
dag_64_9_t_0.in: 	[OK]	0.0691 seconds
dag_64_9_t_1.in: 	[OK]	0.0710 seconds
dag_65536_0_t_0.in: 	[OK]	4.3344 seconds
dag_65536_0_t_1.in: 	[OK]	10.2091 seconds
dag_65536_1_t_0.in: 	[OK]	11.3792 seconds
dag_65536_1_t_1.in: 	[OK]	6.1927 seconds
dag_65536_2_t_0.in: 	[OK]	3.1409 seconds
dag_65536_2_t_1.in: 	[OK]	4.3220 seconds
dag_65536_3_t_0.in: 	[OK]	4.4181 seconds
dag_65536_3_t_1.in: 	[OK]	6.1099 seconds
dag_65536_4_t_0.in: 	[OK]	6.0803 seconds
dag_65536_4_t_1.in: 	[OK]	3.3908 seconds
dag_65536_5_t_0.in: 	[OK]	7.4710 seconds
dag_65536_5_t_1.in: 	[OK]	2.9365 seconds
dag_65536_6_t_0.in: 	[OK]	11.4880 seconds
dag_65536_6_t_1.in: 	[OK]	5.9886 seconds
dag_65536_7_t_0.in: 	[OK]	4.8689 seconds
dag_65536_7_t_1.in: 	[OK]	3.6817 seconds
dag_65536_8_t_0.in: 	[OK]	1.9225 seconds
dag_65536_8_t_1.in: 	[OK]	2.7956 seconds
dag_65536_9_t_0.in: 	[OK]	2.1614 seconds
dag_65536_9_t_1.in: 	[OK]	4.4057 seconds
dag_6_0_t_0.in: 	[OK]	0.0545 seconds
dag_6_0_t_1.in: 	[OK]	0.0812 seconds
dag_6_1_t_0.in: 	[OK]	0.0793 seconds
dag_6_1_t_1.in: 	[OK]	0.0664 seconds
dag_6_2_t_0.in: 	[OK]	0.0934 seconds
dag_6_2_t_1.in: 	[OK]	0.0682 seconds
dag_6_3_t_0.in: 	[OK]	0.0687 seconds
dag_6_3_t_1.in: 	[OK]	0.0658 seconds
dag_6_4_t_0.in: 	[OK]	0.0655 seconds
dag_6_4_t_1.in: 	[OK]	0.0640 seconds
dag_6_5_t_0.in: 	[OK]	0.0648 seconds
dag_6_5_t_1.in: 	[OK]	0.0749 seconds
dag_7_0_t_0.in: 	[OK]	0.0626 seconds
dag_7_0_t_1.in: 	[OK]	0.0709 seconds
dag_7_1_t_0.in: 	[OK]	0.0686 seconds
dag_7_1_t_1.in: 	[OK]	0.0695 seconds
dag_7_2_t_0.in: 	[OK]	0.0819 seconds
dag_7_2_t_1.in: 	[OK]	0.0606 seconds
dag_7_3_t_0.in: 	[OK]	0.0735 seconds
dag_7_3_t_1.in: 	[OK]	0.0608 seconds
dag_7_4_t_0.in: 	[OK]	0.0763 seconds
dag_7_4_t_1.in: 	[OK]	0.0698 seconds
dag_7_5_t_0.in: 	[OK]	0.0749 seconds
dag_7_5_t_1.in: 	[OK]	0.0659 seconds
dag_7_6_t_0.in: 	[OK]	0.0683 seconds
dag_7_6_t_1.in: 	[OK]	0.0676 seconds
dag_8192_0_t_0.in: 	[OK]	0.3442 seconds
dag_8192_0_t_1.in: 	[OK]	0.2902 seconds
dag_8192_1_t_0.in: 	[OK]	0.3704 seconds
dag_8192_1_t_1.in: 	[OK]	0.2818 seconds
dag_8192_2_t_0.in: 	[OK]	0.3722 seconds
dag_8192_2_t_1.in: 	[OK]	0.2607 seconds
dag_8192_3_t_0.in: 	[OK]	0.2945 seconds
dag_8192_3_t_1.in: 	[OK]	0.2888 seconds
dag_8192_4_t_0.in: 	[OK]	0.2511 seconds
dag_8192_4_t_1.in: 	[OK]	0.3289 seconds
dag_8192_5_t_0.in: 	[OK]	0.2933 seconds
dag_8192_5_t_1.in: 	[OK]	0.3510 seconds
dag_8192_6_t_0.in: 	[OK]	0.2558 seconds
dag_8192_6_t_1.in: 	[OK]	0.2635 seconds
dag_8192_7_t_0.in: 	[OK]	0.3149 seconds
dag_8192_7_t_1.in: 	[OK]	0.3012 seconds
dag_8192_8_t_0.in: 	[OK]	0.3712 seconds
dag_8192_8_t_1.in: 	[OK]	0.3403 seconds
dag_8192_9_t_0.in: 	[OK]	0.2139 seconds
dag_8192_9_t_1.in: 	[OK]	0.2922 seconds
dag_8_0_t_0.in: 	[OK]	0.0495 seconds
dag_8_0_t_1.in: 	[OK]	0.0815 seconds
dag_8_1_t_0.in: 	[OK]	0.0716 seconds
dag_8_1_t_1.in: 	[OK]	0.0670 seconds
dag_8_2_t_0.in: 	[OK]	0.0707 seconds
dag_8_2_t_1.in: 	[OK]	0.0693 seconds
dag_8_3_t_0.in: 	[OK]	0.0617 seconds
dag_8_3_t_1.in: 	[OK]	0.0889 seconds
dag_8_4_t_0.in: 	[OK]	0.1126 seconds
dag_8_4_t_1.in: 	[OK]	0.0759 seconds
dag_8_5_t_0.in: 	[OK]	0.0682 seconds
dag_8_5_t_1.in: 	[OK]	0.0602 seconds
dag_8_6_t_0.in: 	[OK]	0.0908 seconds
dag_8_6_t_1.in: 	[OK]	0.0553 seconds
dag_8_7_t_0.in: 	[OK]	0.0779 seconds
dag_8_7_t_1.in: 	[OK]	0.0660 seconds
dag_9_0_t_0.in: 	[OK]	0.0745 seconds
dag_9_0_t_1.in: 	[OK]	0.0878 seconds
dag_9_1_t_0.in: 	[OK]	0.0769 seconds
dag_9_1_t_1.in: 	[OK]	0.0658 seconds
dag_9_2_t_0.in: 	[OK]	0.0853 seconds
dag_9_2_t_1.in: 	[OK]	0.0675 seconds
dag_9_3_t_0.in: 	[OK]	0.0693 seconds
dag_9_3_t_1.in: 	[OK]	0.0684 seconds
dag_9_4_t_0.in: 	[OK]	0.0619 seconds
dag_9_4_t_1.in: 	[OK]	0.0822 seconds
dag_9_5_t_0.in: 	[OK]	0.0646 seconds
dag_9_5_t_1.in: 	[OK]	0.0693 seconds
dag_9_6_t_0.in: 	[OK]	0.0625 seconds
dag_9_6_t_1.in: 	[OK]	0.0806 seconds
dag_9_7_t_0.in: 	[OK]	0.0737 seconds
dag_9_7_t_1.in: 	[OK]	0.0634 seconds
dag_9_8_t_0.in: 	[OK]	0.0742 seconds
dag_9_8_t_1.in: 	[OK]	0.0889 seconds
run trees.py for tests_t

dag_1024_0_t_0.in: 	[OK]	0.0844 seconds
dag_1024_0_t_1.in: 	[OK]	0.1115 seconds
dag_1024_1_t_0.in: 	[OK]	0.0930 seconds
dag_1024_1_t_1.in: 	[OK]	0.0864 seconds
dag_1024_2_t_0.in: 	[OK]	0.0827 seconds
dag_1024_2_t_1.in: 	[OK]	0.1009 seconds
dag_1024_3_t_0.in: 	[OK]	0.0911 seconds
dag_1024_3_t_1.in: 	[OK]	0.0903 seconds
dag_1024_4_t_0.in: 	[OK]	0.0950 seconds
dag_1024_4_t_1.in: 	[OK]	0.0976 seconds
dag_1024_5_t_0.in: 	[OK]	0.1013 seconds
dag_1024_5_t_1.in: 	[OK]	0.1079 seconds
dag_1024_6_t_0.in: 	[OK]	0.1068 seconds
dag_1024_6_t_1.in: 	[OK]	0.0927 seconds
dag_1024_7_t_0.in: 	[OK]	0.0908 seconds
dag_1024_7_t_1.in: 	[OK]	0.0920 seconds
dag_1024_8_t_0.in: 	[OK]	0.0940 seconds
dag_1024_8_t_1.in: 	[OK]	0.0969 seconds
dag_1024_9_t_0.in: 	[OK]	0.0891 seconds
dag_1024_9_t_1.in: 	[OK]	0.1502 seconds
dag_10_0_t_0.in: 	[OK]	0.2314 seconds
dag_10_0_t_1.in: 	[OK]	0.0832 seconds
dag_10_1_t_0.in: 	[OK]	0.0700 seconds
dag_10_1_t_1.in: 	[OK]	0.0711 seconds
dag_10_2_t_0.in: 	[OK]	0.0692 seconds
dag_10_2_t_1.in: 	[OK]	0.0706 seconds
dag_10_3_t_0.in: 	[OK]	0.0621 seconds
dag_10_3_t_1.in: 	[OK]	0.0850 seconds
dag_10_4_t_0.in: 	[OK]	0.0589 seconds
dag_10_4_t_1.in: 	[OK]	0.0863 seconds
dag_10_5_t_0.in: 	[OK]	0.0669 seconds
dag_10_5_t_1.in: 	[OK]	0.0689 seconds
dag_10_6_t_0.in: 	[OK]	0.0675 seconds
dag_10_6_t_1.in: 	[OK]	0.0689 seconds
dag_10_7_t_0.in: 	[OK]	0.0702 seconds
dag_10_7_t_1.in: 	[OK]	0.0700 seconds
dag_10_8_t_0.in: 	[OK]	0.0646 seconds
dag_10_8_t_1.in: 	[OK]	0.0717 seconds
dag_10_9_t_0.in: 	[OK]	0.0737 seconds
dag_10_9_t_1.in: 	[OK]	0.0641 seconds
dag_11_0_t_0.in: 	[OK]	0.0724 seconds
dag_11_0_t_1.in: 	[OK]	0.0712 seconds
dag_11_10_t_0.in: 	[OK]	0.0817 seconds
dag_11_10_t_1.in: 	[OK]	0.0745 seconds
dag_11_1_t_0.in: 	[OK]	0.0643 seconds
dag_11_1_t_1.in: 	[OK]	0.0693 seconds
dag_11_2_t_0.in: 	[OK]	0.0705 seconds
dag_11_2_t_1.in: 	[OK]	0.0714 seconds
dag_11_3_t_0.in: 	[OK]	0.0715 seconds
dag_11_3_t_1.in: 	[OK]	0.0717 seconds
dag_11_4_t_0.in: 	[OK]	0.0635 seconds
dag_11_4_t_1.in: 	[OK]	0.0851 seconds
dag_11_5_t_0.in: 	[OK]	0.0680 seconds
dag_11_5_t_1.in: 	[OK]	0.0727 seconds
dag_11_6_t_0.in: 	[OK]	0.0743 seconds
dag_11_6_t_1.in: 	[OK]	0.0717 seconds
dag_11_7_t_0.in: 	[OK]	0.0669 seconds
dag_11_7_t_1.in: 	[OK]	0.0946 seconds
dag_11_8_t_0.in: 	[OK]	0.0660 seconds
dag_11_8_t_1.in: 	[OK]	0.0716 seconds
dag_11_9_t_0.in: 	[OK]	0.0673 seconds
dag_11_9_t_1.in: 	[OK]	0.0739 seconds
dag_128_0_t_0.in: 	[OK]	0.0815 seconds
dag_128_0_t_1.in: 	[OK]	0.0669 seconds
dag_128_1_t_0.in: 	[OK]	0.0773 seconds
dag_128_1_t_1.in: 	[OK]	0.0712 seconds
dag_128_2_t_0.in: 	[OK]	0.0824 seconds
dag_128_2_t_1.in: 	[OK]	0.0703 seconds
dag_128_3_t_0.in: 	[OK]	0.0679 seconds
dag_128_3_t_1.in: 	[OK]	0.0718 seconds
dag_128_4_t_0.in: 	[OK]	0.0882 seconds
dag_128_4_t_1.in: 	[OK]	0.0618 seconds
dag_128_5_t_0.in: 	[OK]	0.0854 seconds
dag_128_5_t_1.in: 	[OK]	0.0647 seconds
dag_128_6_t_0.in: 	[OK]	0.0760 seconds
dag_128_6_t_1.in: 	[OK]	0.0746 seconds
dag_128_7_t_0.in: 	[OK]	0.0731 seconds
dag_128_7_t_1.in: 	[OK]	0.0836 seconds
dag_128_8_t_0.in: 	[OK]	0.0634 seconds
dag_128_8_t_1.in: 	[OK]	0.0752 seconds
dag_128_9_t_0.in: 	[OK]	0.0703 seconds
dag_128_9_t_1.in: 	[OK]	0.0750 seconds
dag_12_0_t_0.in: 	[OK]	0.0732 seconds
dag_12_0_t_1.in: 	[OK]	0.0798 seconds
dag_12_10_t_0.in: 	[OK]	0.0665 seconds
dag_12_10_t_1.in: 	[OK]	0.0740 seconds
dag_12_11_t_0.in: 	[OK]	0.0689 seconds
dag_12_11_t_1.in: 	[OK]	0.0705 seconds
dag_12_1_t_0.in: 	[OK]	0.0722 seconds
dag_12_1_t_1.in: 	[OK]	0.0738 seconds
dag_12_2_t_0.in: 	[OK]	0.0774 seconds
dag_12_2_t_1.in: 	[OK]	0.0669 seconds
dag_12_3_t_0.in: 	[OK]	0.0783 seconds
dag_12_3_t_1.in: 	[OK]	0.0699 seconds
dag_12_4_t_0.in: 	[OK]	0.0723 seconds
dag_12_4_t_1.in: 	[OK]	0.0671 seconds
dag_12_5_t_0.in: 	[OK]	0.0744 seconds
dag_12_5_t_1.in: 	[OK]	0.0819 seconds
dag_12_6_t_0.in: 	[OK]	0.0647 seconds
dag_12_6_t_1.in: 	[OK]	0.0852 seconds
dag_12_7_t_0.in: 	[OK]	0.1067 seconds
dag_12_7_t_1.in: 	[OK]	0.0926 seconds
dag_12_8_t_0.in: 	[OK]	0.0652 seconds
dag_12_8_t_1.in: 	[OK]	0.0735 seconds
dag_12_9_t_0.in: 	[OK]	0.0760 seconds
dag_12_9_t_1.in: 	[OK]	0.0726 seconds
dag_131072_0_t_0.in: 	[OK]	6.5569 seconds
dag_131072_0_t_1.in: 	[OK]	7.9370 seconds
dag_131072_1_t_0.in: 	[OK]	15.7920 seconds
dag_131072_1_t_1.in: 	[OK]	18.7816 seconds
dag_131072_2_t_0.in: 	[FAIL]	1185.5150 seconds
dag_131072_2_t_1.in: 	[OK]	13.6024 seconds
dag_131072_3_t_0.in: 	[OK]	2.9354 seconds
dag_131072_3_t_1.in: 	[OK]	15.2523 seconds
dag_131072_4_t_0.in: 	[OK]	4.3117 seconds
dag_131072_4_t_1.in: 	[OK]	32.0185 seconds
dag_131072_5_t_0.in: 	[OK]	3.5794 seconds
dag_131072_5_t_1.in: 	[OK]	36.9937 seconds
dag_131072_6_t_0.in: 	[OK]	9.9212 seconds
dag_131072_6_t_1.in: 	[OK]	8.1445 seconds
dag_131072_7_t_0.in: 	[FAIL]	333.6621 seconds
dag_131072_7_t_1.in: 	[OK]	40.0583 seconds
dag_131072_8_t_0.in: 	[OK]	246.3146 seconds
dag_131072_8_t_1.in: 	[OK]	37.1123 seconds
dag_131072_9_t_0.in: 	[OK]	7.1533 seconds
dag_131072_9_t_1.in: 	[OK]	28.1677 seconds
dag_13_0_t_0.in: 	[OK]	0.0657 seconds
dag_13_0_t_1.in: 	[OK]	0.0612 seconds
dag_13_10_t_0.in: 	[OK]	0.0696 seconds
dag_13_10_t_1.in: 	[OK]	0.0807 seconds
dag_13_11_t_0.in: 	[OK]	0.0670 seconds
dag_13_11_t_1.in: 	[OK]	0.0712 seconds
dag_13_12_t_0.in: 	[OK]	0.0661 seconds
dag_13_12_t_1.in: 	[OK]	0.0660 seconds
dag_13_1_t_0.in: 	[OK]	0.0678 seconds
dag_13_1_t_1.in: 	[OK]	0.0654 seconds
dag_13_2_t_0.in: 	[OK]	0.0627 seconds
dag_13_2_t_1.in: 	[OK]	0.0657 seconds
dag_13_3_t_0.in: 	[OK]	0.0642 seconds
dag_13_3_t_1.in: 	[OK]	0.0754 seconds
dag_13_4_t_0.in: 	[OK]	0.0662 seconds
dag_13_4_t_1.in: 	[OK]	0.0678 seconds
dag_13_5_t_0.in: 	[OK]	0.0807 seconds
dag_13_5_t_1.in: 	[OK]	0.0662 seconds
dag_13_6_t_0.in: 	[OK]	0.0678 seconds
dag_13_6_t_1.in: 	[OK]	0.0682 seconds
dag_13_7_t_0.in: 	[OK]	0.0597 seconds
dag_13_7_t_1.in: 	[OK]	0.0769 seconds
dag_13_8_t_0.in: 	[OK]	0.0652 seconds
dag_13_8_t_1.in: 	[OK]	0.0693 seconds
dag_13_9_t_0.in: 	[OK]	0.0664 seconds
dag_13_9_t_1.in: 	[OK]	0.0693 seconds
dag_14_0_t_0.in: 	[OK]	0.0721 seconds
dag_14_0_t_1.in: 	[OK]	0.0655 seconds
dag_14_10_t_0.in: 	[OK]	0.0670 seconds
dag_14_10_t_1.in: 	[OK]	0.0678 seconds
dag_14_11_t_0.in: 	[OK]	0.0775 seconds
dag_14_11_t_1.in: 	[OK]	0.0776 seconds
dag_14_12_t_0.in: 	[OK]	0.0595 seconds
dag_14_12_t_1.in: 	[OK]	0.0839 seconds
dag_14_13_t_0.in: 	[OK]	0.0584 seconds
dag_14_13_t_1.in: 	[OK]	0.0767 seconds
dag_14_1_t_0.in: 	[OK]	0.0678 seconds
dag_14_1_t_1.in: 	[OK]	0.0820 seconds
dag_14_2_t_0.in: 	[OK]	0.0625 seconds
dag_14_2_t_1.in: 	[OK]	0.0690 seconds
dag_14_3_t_0.in: 	[OK]	0.0752 seconds
dag_14_3_t_1.in: 	[OK]	0.0663 seconds
dag_14_4_t_0.in: 	[OK]	0.0685 seconds
dag_14_4_t_1.in: 	[OK]	0.0679 seconds
dag_14_5_t_0.in: 	[OK]	0.0678 seconds
dag_14_5_t_1.in: 	[OK]	0.0759 seconds
dag_14_6_t_0.in: 	[OK]	0.0661 seconds
dag_14_6_t_1.in: 	[OK]	0.0717 seconds
dag_14_7_t_0.in: 	[OK]	0.0820 seconds
dag_14_7_t_1.in: 	[OK]	0.0688 seconds
dag_14_8_t_0.in: 	[OK]	0.0640 seconds
dag_14_8_t_1.in: 	[OK]	0.0763 seconds
dag_14_9_t_0.in: 	[OK]	0.0669 seconds
dag_14_9_t_1.in: 	[OK]	0.0719 seconds
dag_15_0_t_0.in: 	[OK]	0.0664 seconds
dag_15_0_t_1.in: 	[OK]	0.0703 seconds
dag_15_10_t_0.in: 	[OK]	0.0740 seconds
dag_15_10_t_1.in: 	[OK]	0.0680 seconds
dag_15_11_t_0.in: 	[OK]	0.0687 seconds
dag_15_11_t_1.in: 	[OK]	0.1698 seconds
dag_15_12_t_0.in: 	[OK]	0.1092 seconds
dag_15_12_t_1.in: 	[OK]	0.0697 seconds
dag_15_13_t_0.in: 	[OK]	0.0676 seconds
dag_15_13_t_1.in: 	[OK]	0.0716 seconds
dag_15_14_t_0.in: 	[OK]	0.0685 seconds
dag_15_14_t_1.in: 	[OK]	0.0745 seconds
dag_15_1_t_0.in: 	[OK]	0.0700 seconds
dag_15_1_t_1.in: 	[OK]	0.0692 seconds
dag_15_2_t_0.in: 	[OK]	0.0685 seconds
dag_15_2_t_1.in: 	[OK]	0.0737 seconds
dag_15_3_t_0.in: 	[OK]	0.0609 seconds
dag_15_3_t_1.in: 	[OK]	0.0836 seconds
dag_15_4_t_0.in: 	[OK]	0.0552 seconds
dag_15_4_t_1.in: 	[OK]	0.0801 seconds
dag_15_5_t_0.in: 	[OK]	0.0674 seconds
dag_15_5_t_1.in: 	[OK]	0.0685 seconds
dag_15_6_t_0.in: 	[OK]	0.0705 seconds
dag_15_6_t_1.in: 	[OK]	0.0623 seconds
dag_15_7_t_0.in: 	[OK]	0.0872 seconds
dag_15_7_t_1.in: 	[OK]	0.0606 seconds
dag_15_8_t_0.in: 	[OK]	0.0844 seconds
dag_15_8_t_1.in: 	[OK]	0.0639 seconds
dag_15_9_t_0.in: 	[OK]	0.0718 seconds
dag_15_9_t_1.in: 	[OK]	0.0673 seconds
dag_16384_0_t_0.in: 	[OK]	0.9813 seconds
dag_16384_0_t_1.in: 	[OK]	0.6009 seconds
dag_16384_1_t_0.in: 	[OK]	0.4564 seconds
dag_16384_1_t_1.in: 	[OK]	0.5581 seconds
dag_16384_2_t_0.in: 	[OK]	0.4264 seconds
dag_16384_2_t_1.in: 	[OK]	0.8115 seconds
dag_16384_3_t_0.in: 	[OK]	0.6219 seconds
dag_16384_3_t_1.in: 	[OK]	1.1017 seconds
dag_16384_4_t_0.in: 	[OK]	20.7315 seconds
dag_16384_4_t_1.in: 	[OK]	0.6916 seconds
dag_16384_5_t_0.in: 	[OK]	0.7639 seconds
dag_16384_5_t_1.in: 	[OK]	1.1803 seconds
dag_16384_6_t_0.in: 	[OK]	0.5599 seconds
dag_16384_6_t_1.in: 	[OK]	1.0885 seconds
dag_16384_7_t_0.in: 	[OK]	11.9686 seconds
dag_16384_7_t_1.in: 	[OK]	0.5486 seconds
dag_16384_8_t_0.in: 	[OK]	2.1574 seconds
dag_16384_8_t_1.in: 	[OK]	1.0422 seconds
dag_16384_9_t_0.in: 	[OK]	0.3994 seconds
dag_16384_9_t_1.in: 	[OK]	0.6223 seconds
dag_16_0_t_0.in: 	[OK]	0.0528 seconds
dag_16_0_t_1.in: 	[OK]	0.0784 seconds
dag_16_1_t_0.in: 	[OK]	0.0598 seconds
dag_16_1_t_1.in: 	[OK]	0.0845 seconds
dag_16_2_t_0.in: 	[OK]	0.0668 seconds
dag_16_2_t_1.in: 	[OK]	0.0758 seconds
dag_16_3_t_0.in: 	[OK]	0.0699 seconds
dag_16_3_t_1.in: 	[OK]	0.0764 seconds
dag_16_4_t_0.in: 	[OK]	0.0699 seconds
dag_16_4_t_1.in: 	[OK]	0.0723 seconds
dag_16_5_t_0.in: 	[OK]	0.0703 seconds
dag_16_5_t_1.in: 	[OK]	0.0726 seconds
dag_16_6_t_0.in: 	[OK]	0.0737 seconds
dag_16_6_t_1.in: 	[OK]	0.0726 seconds
dag_16_7_t_0.in: 	[OK]	0.0689 seconds
dag_16_7_t_1.in: 	[OK]	0.0708 seconds
dag_16_8_t_0.in: 	[OK]	0.0801 seconds
dag_16_8_t_1.in: 	[OK]	0.0655 seconds
dag_16_9_t_0.in: 	[OK]	0.0826 seconds
dag_16_9_t_1.in: 	[OK]	0.0731 seconds
dag_2048_0_t_0.in: 	[OK]	0.1242 seconds
dag_2048_0_t_1.in: 	[OK]	0.1143 seconds
dag_2048_1_t_0.in: 	[OK]	0.1399 seconds
dag_2048_1_t_1.in: 	[OK]	0.1255 seconds
dag_2048_2_t_0.in: 	[OK]	0.1357 seconds
dag_2048_2_t_1.in: 	[OK]	0.1154 seconds
dag_2048_3_t_0.in: 	[OK]	0.1026 seconds
dag_2048_3_t_1.in: 	[OK]	0.1287 seconds
dag_2048_4_t_0.in: 	[OK]	0.1234 seconds
dag_2048_4_t_1.in: 	[OK]	0.1116 seconds
dag_2048_5_t_0.in: 	[OK]	0.1067 seconds
dag_2048_5_t_1.in: 	[OK]	0.1161 seconds
dag_2048_6_t_0.in: 	[OK]	0.1307 seconds
dag_2048_6_t_1.in: 	[OK]	0.1286 seconds
dag_2048_7_t_0.in: 	[OK]	0.1086 seconds
dag_2048_7_t_1.in: 	[OK]	0.1350 seconds
dag_2048_8_t_0.in: 	[OK]	0.1312 seconds
dag_2048_8_t_1.in: 	[OK]	0.1429 seconds
dag_2048_9_t_0.in: 	[OK]	0.1381 seconds
dag_2048_9_t_1.in: 	[OK]	0.1259 seconds
dag_256_0_t_0.in: 	[OK]	0.0895 seconds
dag_256_0_t_1.in: 	[OK]	0.0914 seconds
dag_256_1_t_0.in: 	[OK]	0.3014 seconds
dag_256_1_t_1.in: 	[OK]	0.0705 seconds
dag_256_2_t_0.in: 	[OK]	0.0958 seconds
dag_256_2_t_1.in: 	[OK]	0.0690 seconds
dag_256_3_t_0.in: 	[OK]	0.0850 seconds
dag_256_3_t_1.in: 	[OK]	0.0806 seconds
dag_256_4_t_0.in: 	[OK]	0.0706 seconds
dag_256_4_t_1.in: 	[OK]	0.0753 seconds
dag_256_5_t_0.in: 	[OK]	0.0800 seconds
dag_256_5_t_1.in: 	[OK]	0.0740 seconds
dag_256_6_t_0.in: 	[OK]	0.0728 seconds
dag_256_6_t_1.in: 	[OK]	0.0739 seconds
dag_256_7_t_0.in: 	[OK]	0.0728 seconds
dag_256_7_t_1.in: 	[OK]	0.0832 seconds
dag_256_8_t_0.in: 	[OK]	0.0746 seconds
dag_256_8_t_1.in: 	[OK]	0.0726 seconds
dag_256_9_t_0.in: 	[OK]	0.0782 seconds
dag_256_9_t_1.in: 	[OK]	0.0698 seconds
dag_32768_0_t_0.in: 	[OK]	1.7983 seconds
dag_32768_0_t_1.in: 	[OK]	1.3400 seconds
dag_32768_1_t_0.in: 	[OK]	122.5554 seconds
dag_32768_1_t_1.in: 	[OK]	1.2328 seconds
dag_32768_2_t_0.in: 	[OK]	1.0286 seconds
dag_32768_2_t_1.in: 	[OK]	3.1659 seconds
dag_32768_3_t_0.in: 	[OK]	1.6806 seconds
dag_32768_3_t_1.in: 	[OK]	3.0982 seconds
dag_32768_4_t_0.in: 	[OK]	0.7013 seconds
dag_32768_4_t_1.in: 	[OK]	2.3850 seconds
dag_32768_5_t_0.in: 	[OK]	1.0932 seconds
dag_32768_5_t_1.in: 	[OK]	2.7477 seconds
dag_32768_6_t_0.in: 	[OK]	2.0826 seconds
dag_32768_6_t_1.in: 	[OK]	2.5139 seconds
dag_32768_7_t_0.in: 	[OK]	10.2634 seconds
dag_32768_7_t_1.in: 	[OK]	1.8576 seconds
dag_32768_8_t_0.in: 	[OK]	0.8250 seconds
dag_32768_8_t_1.in: 	[OK]	1.3743 seconds
dag_32768_9_t_0.in: 	[OK]	1.9658 seconds
dag_32768_9_t_1.in: 	[OK]	1.2031 seconds
dag_32_0_t_0.in: 	[OK]	0.0519 seconds
dag_32_0_t_1.in: 	[OK]	0.0689 seconds
dag_32_1_t_0.in: 	[OK]	0.0751 seconds
dag_32_1_t_1.in: 	[OK]	0.0671 seconds
dag_32_2_t_0.in: 	[OK]	0.0677 seconds
dag_32_2_t_1.in: 	[OK]	0.0654 seconds
dag_32_3_t_0.in: 	[OK]	0.0653 seconds
dag_32_3_t_1.in: 	[OK]	0.0649 seconds
dag_32_4_t_0.in: 	[OK]	0.0653 seconds
dag_32_4_t_1.in: 	[OK]	0.0645 seconds
dag_32_5_t_0.in: 	[OK]	0.0654 seconds
dag_32_5_t_1.in: 	[OK]	0.0644 seconds
dag_32_6_t_0.in: 	[OK]	0.0660 seconds
dag_32_6_t_1.in: 	[OK]	0.0667 seconds
dag_32_7_t_0.in: 	[OK]	0.0667 seconds
dag_32_7_t_1.in: 	[OK]	0.0659 seconds
dag_32_8_t_0.in: 	[OK]	0.0585 seconds
dag_32_8_t_1.in: 	[OK]	0.0720 seconds
dag_32_9_t_0.in: 	[OK]	0.0822 seconds
dag_32_9_t_1.in: 	[OK]	0.0775 seconds
dag_4096_0_t_0.in: 	[OK]	0.3921 seconds
dag_4096_0_t_1.in: 	[OK]	0.1808 seconds
dag_4096_1_t_0.in: 	[OK]	0.1751 seconds
dag_4096_1_t_1.in: 	[OK]	0.1556 seconds
dag_4096_2_t_0.in: 	[OK]	0.1825 seconds
dag_4096_2_t_1.in: 	[OK]	0.1756 seconds
dag_4096_3_t_0.in: 	[OK]	1.2535 seconds
dag_4096_3_t_1.in: 	[OK]	0.1937 seconds
dag_4096_4_t_0.in: 	[OK]	0.4084 seconds
dag_4096_4_t_1.in: 	[OK]	0.1789 seconds
dag_4096_5_t_0.in: 	[OK]	0.6837 seconds
dag_4096_5_t_1.in: 	[OK]	0.1816 seconds
dag_4096_6_t_0.in: 	[OK]	0.6366 seconds
dag_4096_6_t_1.in: 	[OK]	0.1915 seconds
dag_4096_7_t_0.in: 	[OK]	0.1745 seconds
dag_4096_7_t_1.in: 	[OK]	0.1685 seconds
dag_4096_8_t_0.in: 	[OK]	3.4195 seconds
dag_4096_8_t_1.in: 	[OK]	0.3409 seconds
dag_4096_9_t_0.in: 	[OK]	0.2813 seconds
dag_4096_9_t_1.in: 	[OK]	0.2483 seconds
dag_4_0_t_0.in: 	[OK]	0.0865 seconds
dag_4_0_t_1.in: 	[OK]	0.1110 seconds
dag_4_1_t_0.in: 	[OK]	0.1630 seconds
dag_4_1_t_1.in: 	[OK]	0.0846 seconds
dag_4_2_t_0.in: 	[OK]	0.0811 seconds
dag_4_2_t_1.in: 	[OK]	0.0728 seconds
dag_4_3_t_0.in: 	[OK]	0.0762 seconds
dag_4_3_t_1.in: 	[OK]	0.0680 seconds
dag_512_0_t_0.in: 	[OK]	0.0818 seconds
dag_512_0_t_1.in: 	[OK]	0.0817 seconds
dag_512_1_t_0.in: 	[OK]	0.0727 seconds
dag_512_1_t_1.in: 	[OK]	0.0677 seconds
dag_512_2_t_0.in: 	[OK]	0.0696 seconds
dag_512_2_t_1.in: 	[OK]	0.0666 seconds
dag_512_3_t_0.in: 	[OK]	0.0684 seconds
dag_512_3_t_1.in: 	[OK]	0.0704 seconds
dag_512_4_t_0.in: 	[OK]	0.0769 seconds
dag_512_4_t_1.in: 	[OK]	0.0650 seconds
dag_512_5_t_0.in: 	[OK]	0.0660 seconds
dag_512_5_t_1.in: 	[OK]	0.0653 seconds
dag_512_6_t_0.in: 	[OK]	0.0646 seconds
dag_512_6_t_1.in: 	[OK]	0.0634 seconds
dag_512_7_t_0.in: 	[OK]	0.0672 seconds
dag_512_7_t_1.in: 	[OK]	0.0717 seconds
dag_512_8_t_0.in: 	[OK]	0.0650 seconds
dag_512_8_t_1.in: 	[OK]	0.0680 seconds
dag_512_9_t_0.in: 	[OK]	0.0613 seconds
dag_512_9_t_1.in: 	[OK]	0.0836 seconds
dag_5_0_t_0.in: 	[OK]	0.0709 seconds
dag_5_0_t_1.in: 	[OK]	0.0525 seconds
dag_5_1_t_0.in: 	[OK]	0.0498 seconds
dag_5_1_t_1.in: 	[OK]	0.0593 seconds
dag_5_2_t_0.in: 	[OK]	0.0580 seconds
dag_5_2_t_1.in: 	[OK]	0.0618 seconds
dag_5_3_t_0.in: 	[OK]	0.0625 seconds
dag_5_3_t_1.in: 	[OK]	0.0584 seconds
dag_5_4_t_0.in: 	[OK]	0.0584 seconds
dag_5_4_t_1.in: 	[OK]	0.0535 seconds
dag_64_0_t_0.in: 	[OK]	0.0590 seconds
dag_64_0_t_1.in: 	[OK]	0.0647 seconds
dag_64_1_t_0.in: 	[OK]	0.0591 seconds
dag_64_1_t_1.in: 	[OK]	0.0630 seconds
dag_64_2_t_0.in: 	[OK]	0.0551 seconds
dag_64_2_t_1.in: 	[OK]	0.0546 seconds
dag_64_3_t_0.in: 	[OK]	0.0542 seconds
dag_64_3_t_1.in: 	[OK]	0.0557 seconds
dag_64_4_t_0.in: 	[OK]	0.0546 seconds
dag_64_4_t_1.in: 	[OK]	0.0534 seconds
dag_64_5_t_0.in: 	[OK]	0.0616 seconds
dag_64_5_t_1.in: 	[OK]	0.0549 seconds
dag_64_6_t_0.in: 	[OK]	0.0547 seconds
dag_64_6_t_1.in: 	[OK]	0.0546 seconds
dag_64_7_t_0.in: 	[OK]	0.0535 seconds
dag_64_7_t_1.in: 	[OK]	0.0612 seconds
dag_64_8_t_0.in: 	[OK]	0.0554 seconds
dag_64_8_t_1.in: 	[OK]	0.0617 seconds
dag_64_9_t_0.in: 	[OK]	0.0634 seconds
dag_64_9_t_1.in: 	[OK]	0.0774 seconds
dag_65536_0_t_0.in: 	[OK]	2.7903 seconds
dag_65536_0_t_1.in: 	[OK]	11.4595 seconds
dag_65536_1_t_0.in: 	[OK]	3.4995 seconds
dag_65536_1_t_1.in: 	[OK]	9.7158 seconds
dag_65536_2_t_0.in: 	[OK]	5.5890 seconds
dag_65536_2_t_1.in: 	[OK]	9.9068 seconds
dag_65536_3_t_0.in: 	[OK]	10.0651 seconds
dag_65536_3_t_1.in: 	[OK]	6.9428 seconds
dag_65536_4_t_0.in: 	[OK]	1.4271 seconds
dag_65536_4_t_1.in: 	[OK]	9.2259 seconds
dag_65536_5_t_0.in: 	[FAIL]	308.9439 seconds
dag_65536_5_t_1.in: 	[OK]	3.4624 seconds
dag_65536_6_t_0.in: 	[OK]	2.9459 seconds
dag_65536_6_t_1.in: 	[OK]	11.8005 seconds
dag_65536_7_t_0.in: 	[OK]	12.1132 seconds
dag_65536_7_t_1.in: 	[OK]	3.8804 seconds
dag_65536_8_t_0.in: 	[OK]	3.2543 seconds
dag_65536_8_t_1.in: 	[OK]	8.7990 seconds
dag_65536_9_t_0.in: 	[OK]	2.2743 seconds
dag_65536_9_t_1.in: 	[OK]	2.9046 seconds
dag_6_0_t_0.in: 	[OK]	0.0542 seconds
dag_6_0_t_1.in: 	[OK]	0.0536 seconds
dag_6_1_t_0.in: 	[OK]	0.0557 seconds
dag_6_1_t_1.in: 	[OK]	0.0573 seconds
dag_6_2_t_0.in: 	[OK]	0.0533 seconds
dag_6_2_t_1.in: 	[OK]	0.0594 seconds
dag_6_3_t_0.in: 	[OK]	0.0598 seconds
dag_6_3_t_1.in: 	[OK]	0.0531 seconds
dag_6_4_t_0.in: 	[OK]	0.0563 seconds
dag_6_4_t_1.in: 	[OK]	0.0593 seconds
dag_6_5_t_0.in: 	[OK]	0.0536 seconds
dag_6_5_t_1.in: 	[OK]	0.0537 seconds
dag_7_0_t_0.in: 	[OK]	0.0614 seconds
dag_7_0_t_1.in: 	[OK]	0.0535 seconds
dag_7_1_t_0.in: 	[OK]	0.0514 seconds
dag_7_1_t_1.in: 	[OK]	0.0583 seconds
dag_7_2_t_0.in: 	[OK]	0.0530 seconds
dag_7_2_t_1.in: 	[OK]	0.0528 seconds
dag_7_3_t_0.in: 	[OK]	0.0532 seconds
dag_7_3_t_1.in: 	[OK]	0.0505 seconds
dag_7_4_t_0.in: 	[OK]	0.0547 seconds
dag_7_4_t_1.in: 	[OK]	0.0556 seconds
dag_7_5_t_0.in: 	[OK]	0.0520 seconds
dag_7_5_t_1.in: 	[OK]	0.0581 seconds
dag_7_6_t_0.in: 	[OK]	0.0529 seconds
dag_7_6_t_1.in: 	[OK]	0.0773 seconds
dag_8192_0_t_0.in: 	[OK]	0.2431 seconds
dag_8192_0_t_1.in: 	[OK]	0.3560 seconds
dag_8192_1_t_0.in: 	[OK]	0.3355 seconds
dag_8192_1_t_1.in: 	[OK]	0.4002 seconds
dag_8192_2_t_0.in: 	[OK]	1.2248 seconds
dag_8192_2_t_1.in: 	[OK]	0.2936 seconds
dag_8192_3_t_0.in: 	[OK]	2.4237 seconds
dag_8192_3_t_1.in: 	[OK]	0.3796 seconds
dag_8192_4_t_0.in: 	[OK]	0.2361 seconds
dag_8192_4_t_1.in: 	[OK]	0.3347 seconds
dag_8192_5_t_0.in: 	[OK]	0.3007 seconds
dag_8192_5_t_1.in: 	[OK]	0.3002 seconds
dag_8192_6_t_0.in: 	[OK]	3.1970 seconds
dag_8192_6_t_1.in: 	[OK]	0.4013 seconds
dag_8192_7_t_0.in: 	[OK]	0.3576 seconds
dag_8192_7_t_1.in: 	[OK]	0.3603 seconds
dag_8192_8_t_0.in: 	[OK]	0.3093 seconds
dag_8192_8_t_1.in: 	[OK]	0.2583 seconds
dag_8192_9_t_0.in: 	[OK]	0.2654 seconds
dag_8192_9_t_1.in: 	[OK]	0.3007 seconds
dag_8_0_t_0.in: 	[OK]	0.0505 seconds
dag_8_0_t_1.in: 	[OK]	0.0518 seconds
dag_8_1_t_0.in: 	[OK]	0.0500 seconds
dag_8_1_t_1.in: 	[OK]	0.0525 seconds
dag_8_2_t_0.in: 	[OK]	0.0554 seconds
dag_8_2_t_1.in: 	[OK]	0.0545 seconds
dag_8_3_t_0.in: 	[OK]	0.0524 seconds
dag_8_3_t_1.in: 	[OK]	0.0536 seconds
dag_8_4_t_0.in: 	[OK]	0.0523 seconds
dag_8_4_t_1.in: 	[OK]	0.0553 seconds
dag_8_5_t_0.in: 	[OK]	0.0586 seconds
dag_8_5_t_1.in: 	[OK]	0.0548 seconds
dag_8_6_t_0.in: 	[OK]	0.0610 seconds
dag_8_6_t_1.in: 	[OK]	0.0797 seconds
dag_8_7_t_0.in: 	[OK]	0.0702 seconds
dag_8_7_t_1.in: 	[OK]	0.0526 seconds
dag_9_0_t_0.in: 	[OK]	0.0523 seconds
dag_9_0_t_1.in: 	[OK]	0.0543 seconds
dag_9_1_t_0.in: 	[OK]	0.0514 seconds
dag_9_1_t_1.in: 	[OK]	0.0534 seconds
dag_9_2_t_0.in: 	[OK]	0.0528 seconds
dag_9_2_t_1.in: 	[OK]	0.0589 seconds
dag_9_3_t_0.in: 	[OK]	0.0580 seconds
dag_9_3_t_1.in: 	[OK]	0.0591 seconds
dag_9_4_t_0.in: 	[OK]	0.0546 seconds
dag_9_4_t_1.in: 	[OK]	0.0531 seconds
dag_9_5_t_0.in: 	[OK]	0.0596 seconds
dag_9_5_t_1.in: 	[OK]	0.0564 seconds
dag_9_6_t_0.in: 	[OK]	0.0536 seconds
dag_9_6_t_1.in: 	[OK]	0.0567 seconds
dag_9_7_t_0.in: 	[OK]	0.0639 seconds
dag_9_7_t_1.in: 	[OK]	0.0754 seconds
dag_9_8_t_0.in: 	[OK]	0.0646 seconds
dag_9_8_t_1.in: 	[OK]	0.0658 seconds
